Archive member included to satisfy reference by file (symbol)

e:/nxp/lpcxpresso_8.2.2_650/lpcxpresso/tools/bin/../lib/gcc/arm-none-eabi/5.4.1/armv7-m\libgcc.a(_arm_addsubdf3.o)
                              ./capi_device/spi_api.o (__aeabi_dadd)
e:/nxp/lpcxpresso_8.2.2_650/lpcxpresso/tools/bin/../lib/gcc/arm-none-eabi/5.4.1/armv7-m\libgcc.a(_arm_muldivdf3.o)
                              ./capi_device/serial_api.o (__aeabi_dmul)
e:/nxp/lpcxpresso_8.2.2_650/lpcxpresso/tools/bin/../lib/gcc/arm-none-eabi/5.4.1/armv7-m\libgcc.a(_arm_cmpdf2.o)
                              ./capi_device/serial_api.o (__aeabi_dcmplt)
e:/nxp/lpcxpresso_8.2.2_650/lpcxpresso/tools/bin/../lib/gcc/arm-none-eabi/5.4.1/armv7-m\libgcc.a(_arm_fixdfsi.o)
                              ./capi_device/spi_api.o (__aeabi_d2iz)
e:/nxp/lpcxpresso_8.2.2_650/lpcxpresso/tools/bin/../lib/gcc/arm-none-eabi/5.4.1/armv7-m\libgcc.a(_arm_truncdfsf2.o)
                              ./capi_device/serial_api.o (__aeabi_d2f)
e:/nxp/lpcxpresso_8.2.2_650/lpcxpresso/tools/bin/../lib/gcc/arm-none-eabi/5.4.1/armv7-m\libgcc.a(_arm_addsubsf3.o)
                              ./capi_device/serial_api.o (__aeabi_fsub)
e:/nxp/lpcxpresso_8.2.2_650/lpcxpresso/tools/bin/../lib/gcc/arm-none-eabi/5.4.1/armv7-m\libgcc.a(_arm_muldivsf3.o)
                              ./capi_device/analogin_api.o (__aeabi_fmul)
e:/nxp/lpcxpresso_8.2.2_650/lpcxpresso/tools/bin/../lib/gcc/arm-none-eabi/5.4.1/armv7-m\libgcc.a(_arm_cmpsf2.o)
                              ./capi_device/analogout_api.o (__aeabi_fcmplt)
e:/nxp/lpcxpresso_8.2.2_650/lpcxpresso/tools/bin/../lib/gcc/arm-none-eabi/5.4.1/armv7-m\libgcc.a(_arm_fixsfsi.o)
                              ./capi_device/analogout_api.o (__aeabi_f2iz)
e:/nxp/lpcxpresso_8.2.2_650/lpcxpresso/tools/bin/../lib/gcc/arm-none-eabi/5.4.1/armv7-m\libgcc.a(_arm_fixunssfsi.o)
                              ./capi_device/pwmout_api.o (__aeabi_f2uiz)
e:/nxp/lpcxpresso_8.2.2_650/lpcxpresso/tools/bin/../lib/gcc/arm-none-eabi/5.4.1/armv7-m\libgcc.a(_aeabi_uldivmod.o)
                              ./cmsis/LPC1768/system_LPC17xx.o (__aeabi_uldivmod)
e:/nxp/lpcxpresso_8.2.2_650/lpcxpresso/tools/bin/../lib/gcc/arm-none-eabi/5.4.1/armv7-m\libgcc.a(_udivmoddi4.o)
                              e:/nxp/lpcxpresso_8.2.2_650/lpcxpresso/tools/bin/../lib/gcc/arm-none-eabi/5.4.1/armv7-m\libgcc.a(_aeabi_uldivmod.o) (__udivmoddi4)
e:/nxp/lpcxpresso_8.2.2_650/lpcxpresso/tools/bin/../lib/gcc/arm-none-eabi/5.4.1/armv7-m\libgcc.a(_dvmd_tls.o)
                              e:/nxp/lpcxpresso_8.2.2_650/lpcxpresso/tools/bin/../lib/gcc/arm-none-eabi/5.4.1/armv7-m\libgcc.a(_aeabi_uldivmod.o) (__aeabi_ldiv0)
e:/nxp/lpcxpresso_8.2.2_650/lpcxpresso/tools/bin/../lib/gcc/arm-none-eabi/5.4.1/../../../../arm-none-eabi/lib/armv7-m\libc.a(lib_a-errno.o)
                              ./mbed/stdio.o (__errno)
e:/nxp/lpcxpresso_8.2.2_650/lpcxpresso/tools/bin/../lib/gcc/arm-none-eabi/5.4.1/../../../../arm-none-eabi/lib/armv7-m\libc.a(lib_a-fclose.o)
                              ./mbed/Stream.o (fclose)
e:/nxp/lpcxpresso_8.2.2_650/lpcxpresso/tools/bin/../lib/gcc/arm-none-eabi/5.4.1/../../../../arm-none-eabi/lib/armv7-m\libc.a(lib_a-fflush.o)
                              e:/nxp/lpcxpresso_8.2.2_650/lpcxpresso/tools/bin/../lib/gcc/arm-none-eabi/5.4.1/../../../../arm-none-eabi/lib/armv7-m\libc.a(lib_a-fclose.o) (__sflush_r)
e:/nxp/lpcxpresso_8.2.2_650/lpcxpresso/tools/bin/../lib/gcc/arm-none-eabi/5.4.1/../../../../arm-none-eabi/lib/armv7-m\libc.a(lib_a-fgetc.o)
                              ./mbed/Stream.o (fgetc)
e:/nxp/lpcxpresso_8.2.2_650/lpcxpresso/tools/bin/../lib/gcc/arm-none-eabi/5.4.1/../../../../arm-none-eabi/lib/armv7-m\libc.a(lib_a-fgets.o)
                              ./mbed/Stream.o (fgets)
e:/nxp/lpcxpresso_8.2.2_650/lpcxpresso/tools/bin/../lib/gcc/arm-none-eabi/5.4.1/../../../../arm-none-eabi/lib/armv7-m\libc.a(lib_a-findfp.o)
                              e:/nxp/lpcxpresso_8.2.2_650/lpcxpresso/tools/bin/../lib/gcc/arm-none-eabi/5.4.1/../../../../arm-none-eabi/lib/armv7-m\libc.a(lib_a-fclose.o) (__sinit)
e:/nxp/lpcxpresso_8.2.2_650/lpcxpresso/tools/bin/../lib/gcc/arm-none-eabi/5.4.1/../../../../arm-none-eabi/lib/armv7-m\libc.a(lib_a-fopen.o)
                              ./mbed/Stream.o (fopen)
e:/nxp/lpcxpresso_8.2.2_650/lpcxpresso/tools/bin/../lib/gcc/arm-none-eabi/5.4.1/../../../../arm-none-eabi/lib/armv7-m\libc.a(lib_a-fprintf.o)
                              ./mbed/stdio.o (fprintf)
e:/nxp/lpcxpresso_8.2.2_650/lpcxpresso/tools/bin/../lib/gcc/arm-none-eabi/5.4.1/../../../../arm-none-eabi/lib/armv7-m\libc.a(lib_a-fputc.o)
                              ./mbed/Stream.o (fputc)
e:/nxp/lpcxpresso_8.2.2_650/lpcxpresso/tools/bin/../lib/gcc/arm-none-eabi/5.4.1/../../../../arm-none-eabi/lib/armv7-m\libc.a(lib_a-fputs.o)
                              ./mbed/Stream.o (fputs)
[...]
Memory Configuration

Name             Origin             Length             Attributes
MFlash512        0x00000000         0x00080000         xr
RamLoc32         0x100000c8         0x00007f38         xrw
RamAHB32         0x2007c000         0x00008000         xrw
*default*        0x00000000         0xffffffff

Linker script and memory map

LOAD ./mbed/BusIn.o
LOAD ./mbed/BusInOut.o
LOAD ./mbed/BusOut.o
LOAD ./mbed/CAN.o
LOAD ./mbed/Ethernet.o
LOAD ./mbed/FileBase.o
LOAD ./mbed/FileLike.o
LOAD ./mbed/FilePath.o
LOAD ./mbed/FileSystemLike.o
LOAD ./mbed/FunctionPointer.o
LOAD ./mbed/I2C.o
LOAD ./mbed/I2CSlave.o
LOAD ./mbed/InterruptIn.o
LOAD ./mbed/LocalFileSystem.o
LOAD ./mbed/SPI.o
LOAD ./mbed/SPISlave.o
LOAD ./mbed/Serial.o
LOAD ./mbed/Stream.o
LOAD ./mbed/Ticker.o
LOAD ./mbed/Timeout.o
LOAD ./mbed/Timer.o
LOAD ./mbed/TimerEvent.o
LOAD ./mbed/stdio.o
LOAD ./cmsis/LPC1768/GCC_CR/startup_LPC17xx.o
LOAD ./cmsis/LPC1768/cmsis_nvic.o
LOAD ./cmsis/LPC1768/core_cm3.o
LOAD ./cmsis/LPC1768/system_LPC17xx.o
LOAD ./capi_device/analogin_api.o
LOAD ./capi_device/analogout_api.o
LOAD ./capi_device/can_api.o
LOAD ./capi_device/ethernet_api.o
LOAD ./capi_device/gpio_api.o
LOAD ./capi_device/gpio_irq_api.o
LOAD ./capi_device/i2c_api.o
LOAD ./capi_device/pinmap.o
LOAD ./capi_device/port_api.o
LOAD ./capi_device/pwmout_api.o
LOAD ./capi_device/rtc_api.o
LOAD ./capi_device/semihost.o
LOAD ./capi_device/serial_api.o
LOAD ./capi_device/sleep.o
LOAD ./capi_device/spi_api.o
LOAD ./capi_device/us_ticker.o
LOAD ./capi/board.o
LOAD ./capi/exit.o
LOAD ./capi/mbed_interface.o
LOAD ./capi/pinmap_common.o
LOAD ./capi/rtc_time.o
LOAD ./capi/semihost_api.o
LOAD ./capi/us_ticker_api.o
LOAD ./capi/wait_api.o
LOAD ./main.o
START GROUP
LOAD e:/nxp/lpcxpresso_8.2.2_650/lpcxpresso/tools/bin/../lib/gcc/arm-none-eabi/5.4.1/armv7-m\libgcc.a
LOAD e:/nxp/lpcxpresso_8.2.2_650/lpcxpresso/tools/bin/../lib/gcc/arm-none-eabi/5.4.1/../../../../arm-none-eabi/lib/armv7-m\libc.a
LOAD e:/nxp/lpcxpresso_8.2.2_650/lpcxpresso/tools/bin/../lib/gcc/arm-none-eabi/5.4.1/../../../../arm-none-eabi/lib/armv7-m\libstdc++.a
LOAD e:/nxp/lpcxpresso_8.2.2_650/lpcxpresso/tools/bin/../lib/gcc/arm-none-eabi/5.4.1/../../../../arm-none-eabi/lib/armv7-m\libm.a
LOAD e:/nxp/lpcxpresso_8.2.2_650/lpcxpresso/tools/bin/../lib/gcc/arm-none-eabi/5.4.1/../../../../arm-none-eabi/lib/armv7-m\libcr_newlib_nohost.a
LOAD e:/nxp/lpcxpresso_8.2.2_650/lpcxpresso/tools/bin/../lib/gcc/arm-none-eabi/5.4.1/armv7-m\crti.o
LOAD e:/nxp/lpcxpresso_8.2.2_650/lpcxpresso/tools/bin/../lib/gcc/arm-none-eabi/5.4.1/armv7-m\crtn.o
LOAD e:/nxp/lpcxpresso_8.2.2_650/lpcxpresso/tools/bin/../lib/gcc/arm-none-eabi/5.4.1/armv7-m\crtbegin.o
LOAD e:/nxp/lpcxpresso_8.2.2_650/lpcxpresso/tools/bin/../lib/gcc/arm-none-eabi/5.4.1/armv7-m\crtend.o
END GROUP
                0x00080000                __top_MFlash512 = 0x80000
                0x10008000                __top_RamLoc32 = 0x10008000
                0x20084000                __top_RamAHB32 = 0x20084000

.text           0x00000000     0x78a8
 FILL mask 0xff
 *(.isr_vector)
 .isr_vector    0x00000000       0xcc ./cmsis/LPC1768/GCC_CR/startup_LPC17xx.o
                0x00000000                g_pfnVectors
                0x000000cc                . = ALIGN (0x4)
                0x000000cc                __section_table_start = .
                0x000000cc                __data_section_table = .
                0x000000cc        0x4 LONG 0x78b0 LOADADDR (.data)
                0x000000d0        0x4 LONG 0x100000c8 ADDR (.data)
                0x000000d4        0x4 LONG 0x8c4 SIZEOF (.data)
                0x000000d8        0x4 LONG 0x78b0 LOADADDR (.data_RAM2)
                0x000000dc        0x4 LONG 0x2007c000 ADDR (.data_RAM2)
                0x000000e0        0x4 LONG 0x0 SIZEOF (.data_RAM2)
                0x000000e4                __data_section_table_end = .
                0x000000e4                __bss_section_table = .
                0x000000e4        0x4 LONG 0x1000098c ADDR (.bss)
                0x000000e8        0x4 LONG 0x1b4 SIZEOF (.bss)
                0x000000ec        0x4 LONG 0x2007c000 ADDR (.bss_RAM2)
                0x000000f0        0x4 LONG 0x0 SIZEOF (.bss_RAM2)
                0x000000f4                __bss_section_table_end = .
                0x000000f4                __section_table_end = .
 *(.after_vectors*)
 .after_vectors
                0x000000f4      0x170 ./cmsis/LPC1768/GCC_CR/startup_LPC17xx.o
                0x000000f4                data_init
                0x00000138                bss_init
                0x00000170                ResetISR
                0x000001ec                NMI_Handler
                0x000001f8                HardFault_Handler
                0x00000204                MemManage_Handler
                0x00000210                BusFault_Handler
                0x0000021c                UsageFault_Handler
                0x00000228                SVCall_Handler
                0x00000234                DebugMon_Handler
                0x00000240                PendSV_Handler
                0x0000024c                SysTick_Handler
                0x00000258                EINT2_IRQHandler
                0x00000258                UART1_IRQHandler
                0x00000258                EINT3_IRQHandler
                0x00000258                CANActivity_IRQHandler
                0x00000258                TIMER3_IRQHandler
                0x00000258                UART0_IRQHandler
                0x00000258                USBActivity_IRQHandler
                0x00000258                I2C1_IRQHandler
                0x00000258                IntDefaultHandler
                0x00000258                PLL0_IRQHandler
                0x00000258                I2C0_IRQHandler
                0x00000258                PLL1_IRQHandler
                0x00000258                PWM1_IRQHandler
                0x00000258                I2S_IRQHandler
                0x00000258                I2C2_IRQHandler
                0x00000258                RTC_IRQHandler
                0x00000258                TIMER0_IRQHandler
                0x00000258                SPI_IRQHandler
                0x00000258                RIT_IRQHandler
                0x00000258                EINT1_IRQHandler
                0x00000258                TIMER1_IRQHandler
                0x00000258                UART2_IRQHandler
                0x00000258                ADC_IRQHandler
                0x00000258                SSP1_IRQHandler
                0x00000258                USB_IRQHandler
                0x00000258                BOD_IRQHandler
                0x00000258                SSP0_IRQHandler
                0x00000258                WDT_IRQHandler
                0x00000258                QEI_IRQHandler
                0x00000258                EINT0_IRQHandler
                0x00000258                TIMER2_IRQHandler
                0x00000258                DMA_IRQHandler
                0x00000258                CAN_IRQHandler
                0x00000258                UART3_IRQHandler
                0x00000258                MCPWM_IRQHandler
                0x00000258                ENET_IRQHandler
 *(.text*)
 .text._ZN4mbed10DigitalOutC2E7PinName
                0x00000264       0x20 ./mbed/BusOut.o
                0x00000264                mbed::DigitalOut::DigitalOut(PinName)
                0x00000264                mbed::DigitalOut::DigitalOut(PinName)
 .text._ZL11init_serialv
                0x00000284       0x2c ./mbed/stdio.o
 .text._close   0x000002b0       0x50 ./mbed/stdio.o
                0x000002b0                _close
 .text._write   0x00000300       0x88 ./mbed/stdio.o
                0x00000300                _write
 .text._read    0x00000388       0x64 ./mbed/stdio.o
                0x00000388                _read
 .text._isatty  0x000003ec       0x44 ./mbed/stdio.o
                0x000003ec                _isatty
 .text._lseek   0x00000430       0x4c ./mbed/stdio.o
                0x00000430                _lseek
 .text._fstat   0x0000047c       0x40 ./mbed/stdio.o
                0x0000047c                _fstat
 .text.NVIC_SetVector
                0x000004bc       0x70 ./cmsis/LPC1768/cmsis_nvic.o
                0x000004bc                NVIC_SetVector
 .text.SystemInit
                0x0000052c       0xfc ./cmsis/LPC1768/system_LPC17xx.o
                0x0000052c                SystemInit
 .text.gpio_enable
                0x00000628       0x18 ./capi_device/gpio_api.o
 .text.gpio_set
                0x00000640       0x38 ./capi_device/gpio_api.o
                0x00000640                gpio_set
 .text.gpio_init
                0x00000678       0x88 ./capi_device/gpio_api.o
                0x00000678                gpio_init
 .text.gpio_dir
                0x00000700       0x4c ./capi_device/gpio_api.o
                0x00000700                gpio_dir
 .text.pin_function
                0x0000074c       0x74 ./capi_device/pinmap.o
                0x0000074c                pin_function
 .text.pin_mode
                0x000007c0       0xdc ./capi_device/pinmap.o
                0x000007c0                pin_mode
 .text.pwmout_init
                0x0000089c       0xb8 ./capi_device/pwmout_api.o
                0x0000089c                pwmout_init
 .text.pwmout_write
                0x00000954       0x90 ./capi_device/pwmout_api.o
                0x00000954                pwmout_write
 .text.pwmout_period_ms
                0x000009e4       0x24 ./capi_device/pwmout_api.o
                0x000009e4                pwmout_period_ms
 .text.pwmout_period_us
                0x00000a08       0x68 ./capi_device/pwmout_api.o
                0x00000a08                pwmout_period_us
 .text.semihost_connected
                0x00000a70       0x24 ./capi_device/semihost.o
                0x00000a70                semihost_connected
 .text.serial_init
                0x00000a94      0x1a0 ./capi_device/serial_api.o
                0x00000a94                serial_init
 *fill*         0x00000c34        0x4 ff
 .text.serial_baud
                0x00000c38      0x31c ./capi_device/serial_api.o
                0x00000c38                serial_baud
 .text.serial_format
                0x00000f54      0x108 ./capi_device/serial_api.o
                0x00000f54                serial_format
 .text.serial_getc
                0x0000105c       0x28 ./capi_device/serial_api.o
                0x0000105c                serial_getc
 .text.serial_putc
                0x00001084       0x2c ./capi_device/serial_api.o
                0x00001084                serial_putc
 .text.serial_readable
                0x000010b0       0x20 ./capi_device/serial_api.o
                0x000010b0                serial_readable
 .text.serial_writable
                0x000010d0       0x20 ./capi_device/serial_api.o
                0x000010d0                serial_writable
 .text.NVIC_EnableIRQ
                0x000010f0       0x30 ./capi_device/us_ticker.o
 .text.us_ticker_init
                0x00001120       0x84 ./capi_device/us_ticker.o
                0x00001120                us_ticker_init
 .text.us_ticker_read
                0x000011a4       0x20 ./capi_device/us_ticker.o
                0x000011a4                us_ticker_read
 .text.us_ticker_set_interrupt
                0x000011c4       0x28 ./capi_device/us_ticker.o
                0x000011c4                us_ticker_set_interrupt
 .text.us_ticker_disable_interrupt
                0x000011ec       0x1c ./capi_device/us_ticker.o
                0x000011ec                us_ticker_disable_interrupt
 .text.us_ticker_clear_interrupt
                0x00001208       0x18 ./capi_device/us_ticker.o
                0x00001208                us_ticker_clear_interrupt
 .text.gpio_write
                0x00001220       0x30 ./capi/board.o
 .text.mbed_die
                0x00001250       0xb8 ./capi/board.o
                0x00001250                mbed_die
 .text.exit     0x00001308       0x24 ./capi/exit.o
                0x00001308                exit
 .text.mbed_interface_connected
                0x0000132c       0x10 ./capi/mbed_interface.o
                0x0000132c                mbed_interface_connected
 .text.pinmap_pinout
                0x0000133c       0x68 ./capi/pinmap_common.o
                0x0000133c                pinmap_pinout
 .text.pinmap_merge
                0x000013a4       0x54 ./capi/pinmap_common.o
                0x000013a4                pinmap_merge
 .text.pinmap_peripheral
                0x000013f8       0x5c ./capi/pinmap_common.o
                0x000013f8                pinmap_peripheral
 .text.__semihost
                0x00001454       0x24 ./capi/semihost_api.o
 .text.semihost_exit
                0x00001478       0x1c ./capi/semihost_api.o
                0x00001478                semihost_exit
 .text.us_ticker_irq_handler
                0x00001494       0x6c ./capi/us_ticker_api.o
                0x00001494                us_ticker_irq_handler
 .text.wait     0x00001500       0x40 ./capi/wait_api.o
                0x00001500                wait
 .text.wait_ms  0x00001540       0x20 ./capi/wait_api.o
                0x00001540                wait_ms
 .text.wait_us  0x00001560       0x28 ./capi/wait_api.o
                0x00001560                wait_us
 .text._ZN4mbed6PwmOutC2E7PinName
                0x00001588       0x20 ./main.o
                0x00001588                mbed::PwmOut::PwmOut(PinName)
                0x00001588                mbed::PwmOut::PwmOut(PinName)
 .text._ZN4mbed6PwmOut5writeEf
                0x000015a8       0x1c ./main.o
                0x000015a8                mbed::PwmOut::write(float)
 .text._ZN4mbed6PwmOut9period_msEi
                0x000015c4       0x1c ./main.o
                0x000015c4                mbed::PwmOut::period_ms(int)
 .text._ZN4mbed6PwmOutaSEf
                0x000015e0       0x1c ./main.o
                0x000015e0                mbed::PwmOut::operator=(float)
 *fill*         0x000015fc        0x4 ff
 .text.main     0x00001600       0xec ./main.o
                0x00001600                main
 .text._Z41__static_initialization_and_destruction_0ii
                0x000016ec       0x54 ./main.o
 .text._GLOBAL__sub_I_myled
                0x00001740       0x10 ./main.o
 .text          0x00001750      0x370 e:/nxp/lpcxpresso_8.2.2_650/lpcxpresso/tools/bin/../lib/gcc/arm-none-eabi/5.4.1/armv7-m\libgcc.a(_arm_addsubdf3.o)
                0x00001750                __aeabi_drsub
                0x00001758                __aeabi_dsub
                0x00001758                __subdf3
                0x0000175c                __aeabi_dadd
                0x0000175c                __adddf3
                0x000019d4                __floatunsidf
                0x000019d4                __aeabi_ui2d
                0x000019f4                __floatsidf
                0x000019f4                __aeabi_i2d
                0x00001a18                __aeabi_f2d
                0x00001a18                __extendsfdf2
                0x00001a54                __floatundidf
                0x00001a54                __aeabi_ul2d
                0x00001a64                __floatdidf
                0x00001a64                __aeabi_l2d
 .text          0x00001ac0      0x424 e:/nxp/lpcxpresso_8.2.2_650/lpcxpresso/tools/bin/../lib/gcc/arm-none-eabi/5.4.1/armv7-m\libgcc.a(_arm_muldivdf3.o)
                0x00001ac0                __aeabi_dmul
                0x00001ac0                __muldf3
                0x00001d14                __divdf3
                0x00001d14                __aeabi_ddiv
 .text          0x00001ee4      0x110 e:/nxp/lpcxpresso_8.2.2_650/lpcxpresso/tools/bin/../lib/gcc/arm-none-eabi/5.4.1/armv7-m\libgcc.a(_arm_cmpdf2.o)
                0x00001ee4                __gtdf2
                0x00001ee4                __gedf2
                0x00001eec                __ltdf2
                0x00001eec                __ledf2
                0x00001ef4                __nedf2
                0x00001ef4                __eqdf2
                0x00001ef4                __cmpdf2
                0x00001f70                __aeabi_cdrcmple
                0x00001f80                __aeabi_cdcmpeq
                0x00001f80                __aeabi_cdcmple
                0x00001f90                __aeabi_dcmpeq
                0x00001fa4                __aeabi_dcmplt
                0x00001fb8                __aeabi_dcmple
                0x00001fcc                __aeabi_dcmpge
                0x00001fe0                __aeabi_dcmpgt
 .text          0x00001ff4       0x50 e:/nxp/lpcxpresso_8.2.2_650/lpcxpresso/tools/bin/../lib/gcc/arm-none-eabi/5.4.1/armv7-m\libgcc.a(_arm_fixdfsi.o)
                0x00001ff4                __aeabi_d2iz
                0x00001ff4                __fixdfsi
 .text          0x00002044       0xa0 e:/nxp/lpcxpresso_8.2.2_650/lpcxpresso/tools/bin/../lib/gcc/arm-none-eabi/5.4.1/armv7-m\libgcc.a(_arm_truncdfsf2.o)
                0x00002044                __truncdfsf2
                0x00002044                __aeabi_d2f
 .text          0x000020e4      0x21c e:/nxp/lpcxpresso_8.2.2_650/lpcxpresso/tools/bin/../lib/gcc/arm-none-eabi/5.4.1/armv7-m\libgcc.a(_arm_addsubsf3.o)
                0x000020e4                __aeabi_frsub
                0x000020ec                __subsf3
                0x000020ec                __aeabi_fsub
                0x000020f0                __aeabi_fadd
                0x000020f0                __addsf3
                0x00002250                __aeabi_ui2f
                0x00002250                __floatunsisf
                0x00002258                __aeabi_i2f
                0x00002258                __floatsisf
                0x00002274                __aeabi_ul2f
                0x00002274                __floatundisf
                0x00002284                __aeabi_l2f
                0x00002284                __floatdisf
 .text          0x00002300      0x2a0 e:/nxp/lpcxpresso_8.2.2_650/lpcxpresso/tools/bin/../lib/gcc/arm-none-eabi/5.4.1/armv7-m\libgcc.a(_arm_muldivsf3.o)
                0x00002300                __mulsf3
                0x00002300                __aeabi_fmul
                0x00002468                __aeabi_fdiv
                0x00002468                __divsf3
 .text          0x000025a0       0xec e:/nxp/lpcxpresso_8.2.2_650/lpcxpresso/tools/bin/../lib/gcc/arm-none-eabi/5.4.1/armv7-m\libgcc.a(_arm_cmpsf2.o)
                0x000025a0                __gesf2
                0x000025a0                __gtsf2
                0x000025a8                __lesf2
                0x000025a8                __ltsf2
                0x000025b0                __nesf2
                0x000025b0                __eqsf2
                0x000025b0                __cmpsf2
                0x00002610                __aeabi_cfrcmple
                0x00002618                __aeabi_cfcmpeq
                0x00002618                __aeabi_cfcmple
                0x00002628                __aeabi_fcmpeq
                0x0000263c                __aeabi_fcmplt
                0x00002650                __aeabi_fcmple
                0x00002664                __aeabi_fcmpge
                0x00002678                __aeabi_fcmpgt
 .text          0x0000268c       0x40 e:/nxp/lpcxpresso_8.2.2_650/lpcxpresso/tools/bin/../lib/gcc/arm-none-eabi/5.4.1/armv7-m\libgcc.a(_arm_fixunssfsi.o)
                0x0000268c                __fixunssfsi
                0x0000268c                __aeabi_f2uiz
 .text          0x000026cc       0x30 e:/nxp/lpcxpresso_8.2.2_650/lpcxpresso/tools/bin/../lib/gcc/arm-none-eabi/5.4.1/armv7-m\libgcc.a(_aeabi_uldivmod.o)
                0x000026cc                __aeabi_uldivmod
 .text          0x000026fc      0x2ec e:/nxp/lpcxpresso_8.2.2_650/lpcxpresso/tools/bin/../lib/gcc/arm-none-eabi/5.4.1/armv7-m\libgcc.a(_udivmoddi4.o)
                0x000026fc                __udivmoddi4
 .text          0x000029e8        0x4 e:/nxp/lpcxpresso_8.2.2_650/lpcxpresso/tools/bin/../lib/gcc/arm-none-eabi/5.4.1/armv7-m\libgcc.a(_dvmd_tls.o)
                0x000029e8                __aeabi_idiv0
                0x000029e8                __aeabi_ldiv0
 .text.__errno  0x000029ec        0xc e:/nxp/lpcxpresso_8.2.2_650/lpcxpresso/tools/bin/../lib/gcc/arm-none-eabi/5.4.1/../../../../arm-none-eabi/lib/armv7-m\libc.a(lib_a-errno.o)
                0x000029ec                __errno
 .text._fclose_r
                0x000029f8       0x84 e:/nxp/lpcxpresso_8.2.2_650/lpcxpresso/tools/bin/../lib/gcc/arm-none-eabi/5.4.1/../../../../arm-none-eabi/lib/armv7-m\libc.a(lib_a-fclose.o)
                0x000029f8                _fclose_r
 .text.__sflush_r
                0x00002a7c      0x148 e:/nxp/lpcxpresso_8.2.2_650/lpcxpresso/tools/bin/../lib/gcc/arm-none-eabi/5.4.1/../../../../arm-none-eabi/lib/armv7-m\libc.a(lib_a-fflush.o)
                0x00002a7c                __sflush_r
 .text._fflush_r
                0x00002bc4       0x2c e:/nxp/lpcxpresso_8.2.2_650/lpcxpresso/tools/bin/../lib/gcc/arm-none-eabi/5.4.1/../../../../arm-none-eabi/lib/armv7-m\libc.a(lib_a-fflush.o)
                0x00002bc4                _fflush_r
 .text._cleanup_r
                0x00002bf0        0xc e:/nxp/lpcxpresso_8.2.2_650/lpcxpresso/tools/bin/../lib/gcc/arm-none-eabi/5.4.1/../../../../arm-none-eabi/lib/armv7-m\libc.a(lib_a-findfp.o)
                0x00002bf0                _cleanup_r
 .text.__sinit.part.1
                0x00002bfc       0xf0 e:/nxp/lpcxpresso_8.2.2_650/lpcxpresso/tools/bin/../lib/gcc/arm-none-eabi/5.4.1/../../../../arm-none-eabi/lib/armv7-m\libc.a(lib_a-findfp.o)
 .text.__sinit  0x00002cec        0xc e:/nxp/lpcxpresso_8.2.2_650/lpcxpresso/tools/bin/../lib/gcc/arm-none-eabi/5.4.1/../../../../arm-none-eabi/lib/armv7-m\libc.a(lib_a-findfp.o)
                0x00002cec                __sinit
 .text.__sfp_lock_acquire
                0x00002cf8        0x4 e:/nxp/lpcxpresso_8.2.2_650/lpcxpresso/tools/bin/../lib/gcc/arm-none-eabi/5.4.1/../../../../arm-none-eabi/lib/armv7-m\libc.a(lib_a-findfp.o)
                0x00002cf8                __sfp_lock_acquire
 .text.__sfp_lock_release
                0x00002cfc        0x4 e:/nxp/lpcxpresso_8.2.2_650/lpcxpresso/tools/bin/../lib/gcc/arm-none-eabi/5.4.1/../../../../arm-none-eabi/lib/armv7-m\libc.a(lib_a-findfp.o)
                0x00002cfc                __sfp_lock_release
 .text.fprintf  0x00002d00       0x28 e:/nxp/lpcxpresso_8.2.2_650/lpcxpresso/tools/bin/../lib/gcc/arm-none-eabi/5.4.1/../../../../arm-none-eabi/lib/armv7-m\libc.a(lib_a-fprintf.o)
                0x00002d00                fprintf
 .text._malloc_trim_r
                0x00002d28       0x9c e:/nxp/lpcxpresso_8.2.2_650/lpcxpresso/tools/bin/../lib/gcc/arm-none-eabi/5.4.1/../../../../arm-none-eabi/lib/armv7-m\libc.a(lib_a-freer.o)
                0x00002d28                _malloc_trim_r
 .text._free_r  0x00002dc4      0x1d0 e:/nxp/lpcxpresso_8.2.2_650/lpcxpresso/tools/bin/../lib/gcc/arm-none-eabi/5.4.1/../../../../arm-none-eabi/lib/armv7-m\libc.a(lib_a-freer.o)
                0x00002dc4                _free_r
 .text._fstat_r
                0x00002f94       0x28 e:/nxp/lpcxpresso_8.2.2_650/lpcxpresso/tools/bin/../lib/gcc/arm-none-eabi/5.4.1/../../../../arm-none-eabi/lib/armv7-m\libc.a(lib_a-fstatr.o)
                0x00002f94                _fstat_r
 .text.__sfvwrite_r
                0x00002fbc      0x308 e:/nxp/lpcxpresso_8.2.2_650/lpcxpresso/tools/bin/../lib/gcc/arm-none-eabi/5.4.1/../../../../arm-none-eabi/lib/armv7-m\libc.a(lib_a-fvwrite.o)
                0x00002fbc                __sfvwrite_r
 .text._fwalk_reent
                0x000032c4       0x50 e:/nxp/lpcxpresso_8.2.2_650/lpcxpresso/tools/bin/../lib/gcc/arm-none-eabi/5.4.1/../../../../arm-none-eabi/lib/armv7-m\libc.a(lib_a-fwalk.o)
                0x000032c4                _fwalk_reent
 .text.__libc_init_array
                0x00003314       0x50 e:/nxp/lpcxpresso_8.2.2_650/lpcxpresso/tools/bin/../lib/gcc/arm-none-eabi/5.4.1/../../../../arm-none-eabi/lib/armv7-m\libc.a(lib_a-init.o)
                0x00003314                __libc_init_array
 .text.__swhatbuf_r
                0x00003364       0x60 e:/nxp/lpcxpresso_8.2.2_650/lpcxpresso/tools/bin/../lib/gcc/arm-none-eabi/5.4.1/../../../../arm-none-eabi/lib/armv7-m\libc.a(lib_a-makebuf.o)
                0x00003364                __swhatbuf_r
 .text.__smakebuf_r
                0x000033c4       0x88 e:/nxp/lpcxpresso_8.2.2_650/lpcxpresso/tools/bin/../lib/gcc/arm-none-eabi/5.4.1/../../../../arm-none-eabi/lib/armv7-m\libc.a(lib_a-makebuf.o)
                0x000033c4                __smakebuf_r
 .text.malloc   0x0000344c       0x10 e:/nxp/lpcxpresso_8.2.2_650/lpcxpresso/tools/bin/../lib/gcc/arm-none-eabi/5.4.1/../../../../arm-none-eabi/lib/armv7-m\libc.a(lib_a-malloc.o)
                0x0000344c                malloc
 .text._malloc_r
                0x0000345c      0x558 e:/nxp/lpcxpresso_8.2.2_650/lpcxpresso/tools/bin/../lib/gcc/arm-none-eabi/5.4.1/../../../../arm-none-eabi/lib/armv7-m\libc.a(lib_a-mallocr.o)
                0x0000345c                _malloc_r
 .text.memchr   0x000039b4       0x8c e:/nxp/lpcxpresso_8.2.2_650/lpcxpresso/tools/bin/../lib/gcc/arm-none-eabi/5.4.1/../../../../arm-none-eabi/lib/armv7-m\libc.a(lib_a-memchr-stub.o)
                0x000039b4                memchr
 .text          0x00003a40       0xec e:/nxp/lpcxpresso_8.2.2_650/lpcxpresso/tools/bin/../lib/gcc/arm-none-eabi/5.4.1/../../../../arm-none-eabi/lib/armv7-m\libc.a(lib_a-memcpy.o)
                0x00003a40                memcpy
 .text.memmove  0x00003b2c       0xc8 e:/nxp/lpcxpresso_8.2.2_650/lpcxpresso/tools/bin/../lib/gcc/arm-none-eabi/5.4.1/../../../../arm-none-eabi/lib/armv7-m\libc.a(lib_a-memmove.o)
                0x00003b2c                memmove
 .text.memset   0x00003bf4       0x9c e:/nxp/lpcxpresso_8.2.2_650/lpcxpresso/tools/bin/../lib/gcc/arm-none-eabi/5.4.1/../../../../arm-none-eabi/lib/armv7-m\libc.a(lib_a-memset.o)
                0x00003bf4                memset
 .text.__malloc_lock
                0x00003c90        0x4 e:/nxp/lpcxpresso_8.2.2_650/lpcxpresso/tools/bin/../lib/gcc/arm-none-eabi/5.4.1/../../../../arm-none-eabi/lib/armv7-m\libc.a(lib_a-mlock.o)
                0x00003c90                __malloc_lock
 .text.__malloc_unlock
                0x00003c94        0x4 e:/nxp/lpcxpresso_8.2.2_650/lpcxpresso/tools/bin/../lib/gcc/arm-none-eabi/5.4.1/../../../../arm-none-eabi/lib/armv7-m\libc.a(lib_a-mlock.o)
                0x00003c94                __malloc_unlock
 .text._realloc_r
                0x00003c98      0x3d4 e:/nxp/lpcxpresso_8.2.2_650/lpcxpresso/tools/bin/../lib/gcc/arm-none-eabi/5.4.1/../../../../arm-none-eabi/lib/armv7-m\libc.a(lib_a-reallocr.o)
                0x00003c98                _realloc_r
 .text._sbrk_r  0x0000406c       0x24 e:/nxp/lpcxpresso_8.2.2_650/lpcxpresso/tools/bin/../lib/gcc/arm-none-eabi/5.4.1/../../../../arm-none-eabi/lib/armv7-m\libc.a(lib_a-sbrkr.o)
                0x0000406c                _sbrk_r
 .text.__sread  0x00004090       0x24 e:/nxp/lpcxpresso_8.2.2_650/lpcxpresso/tools/bin/../lib/gcc/arm-none-eabi/5.4.1/../../../../arm-none-eabi/lib/armv7-m\libc.a(lib_a-stdio.o)
                0x00004090                __sread
 .text.__swrite
                0x000040b4       0x3c e:/nxp/lpcxpresso_8.2.2_650/lpcxpresso/tools/bin/../lib/gcc/arm-none-eabi/5.4.1/../../../../arm-none-eabi/lib/armv7-m\libc.a(lib_a-stdio.o)
                0x000040b4                __swrite
 .text.__sseek  0x000040f0       0x20 e:/nxp/lpcxpresso_8.2.2_650/lpcxpresso/tools/bin/../lib/gcc/arm-none-eabi/5.4.1/../../../../arm-none-eabi/lib/armv7-m\libc.a(lib_a-stdio.o)
                0x000040f0                __sseek
 .text.__sclose
                0x00004110        0x8 e:/nxp/lpcxpresso_8.2.2_650/lpcxpresso/tools/bin/../lib/gcc/arm-none-eabi/5.4.1/../../../../arm-none-eabi/lib/armv7-m\libc.a(lib_a-stdio.o)
                0x00004110                __sclose
 .text.strlen   0x00004118       0x5c e:/nxp/lpcxpresso_8.2.2_650/lpcxpresso/tools/bin/../lib/gcc/arm-none-eabi/5.4.1/../../../../arm-none-eabi/lib/armv7-m\libc.a(lib_a-strlen-stub.o)
                0x00004118                strlen
 .text._vfprintf_r
                0x00004174     0x1788 e:/nxp/lpcxpresso_8.2.2_650/lpcxpresso/tools/bin/../lib/gcc/arm-none-eabi/5.4.1/../../../../arm-none-eabi/lib/armv7-m\libc.a(lib_a-vfprintf.o)
                0x00004174                _vfprintf_r
 .text.__sbprintf
                0x000058fc       0x6c e:/nxp/lpcxpresso_8.2.2_650/lpcxpresso/tools/bin/../lib/gcc/arm-none-eabi/5.4.1/../../../../arm-none-eabi/lib/armv7-m\libc.a(lib_a-vfprintf.o)
 .text.__swbuf_r
                0x00005968       0xac e:/nxp/lpcxpresso_8.2.2_650/lpcxpresso/tools/bin/../lib/gcc/arm-none-eabi/5.4.1/../../../../arm-none-eabi/lib/armv7-m\libc.a(lib_a-wbuf.o)
                0x00005968                __swbuf_r
 .text._write_r
                0x00005a14       0x2c e:/nxp/lpcxpresso_8.2.2_650/lpcxpresso/tools/bin/../lib/gcc/arm-none-eabi/5.4.1/../../../../arm-none-eabi/lib/armv7-m\libc.a(lib_a-writer.o)
                0x00005a14                _write_r
 .text.__swsetup_r
                0x00005a40       0xc8 e:/nxp/lpcxpresso_8.2.2_650/lpcxpresso/tools/bin/../lib/gcc/arm-none-eabi/5.4.1/../../../../arm-none-eabi/lib/armv7-m\libc.a(lib_a-wsetup.o)
                0x00005a40                __swsetup_r
 .text._close_r
                0x00005b08       0x24 e:/nxp/lpcxpresso_8.2.2_650/lpcxpresso/tools/bin/../lib/gcc/arm-none-eabi/5.4.1/../../../../arm-none-eabi/lib/armv7-m\libc.a(lib_a-closer.o)
                0x00005b08                _close_r
 .text.quorem   0x00005b2c      0x12c e:/nxp/lpcxpresso_8.2.2_650/lpcxpresso/tools/bin/../lib/gcc/arm-none-eabi/5.4.1/../../../../arm-none-eabi/lib/armv7-m\libc.a(lib_a-dtoa.o)
 .text._dtoa_r  0x00005c58      0xe4c e:/nxp/lpcxpresso_8.2.2_650/lpcxpresso/tools/bin/../lib/gcc/arm-none-eabi/5.4.1/../../../../arm-none-eabi/lib/armv7-m\libc.a(lib_a-dtoa.o)
                0x00005c58                _dtoa_r
 .text._isatty_r
                0x00006aa4       0x24 e:/nxp/lpcxpresso_8.2.2_650/lpcxpresso/tools/bin/../lib/gcc/arm-none-eabi/5.4.1/../../../../arm-none-eabi/lib/armv7-m\libc.a(lib_a-isattyr.o)
                0x00006aa4                _isatty_r
 .text.__locale_charset
                0x00006ac8        0x8 e:/nxp/lpcxpresso_8.2.2_650/lpcxpresso/tools/bin/../lib/gcc/arm-none-eabi/5.4.1/../../../../arm-none-eabi/lib/armv7-m\libc.a(lib_a-locale.o)
                0x00006ac8                __locale_charset
 .text.__locale_mb_cur_max
                0x00006ad0        0xc e:/nxp/lpcxpresso_8.2.2_650/lpcxpresso/tools/bin/../lib/gcc/arm-none-eabi/5.4.1/../../../../arm-none-eabi/lib/armv7-m\libc.a(lib_a-locale.o)
                0x00006ad0                __locale_mb_cur_max
 .text._localeconv_r
                0x00006adc        0x8 e:/nxp/lpcxpresso_8.2.2_650/lpcxpresso/tools/bin/../lib/gcc/arm-none-eabi/5.4.1/../../../../arm-none-eabi/lib/armv7-m\libc.a(lib_a-locale.o)
                0x00006adc                _localeconv_r
 .text._lseek_r
                0x00006ae4       0x2c e:/nxp/lpcxpresso_8.2.2_650/lpcxpresso/tools/bin/../lib/gcc/arm-none-eabi/5.4.1/../../../../arm-none-eabi/lib/armv7-m\libc.a(lib_a-lseekr.o)
                0x00006ae4                _lseek_r
 .text._Balloc  0x00006b10       0x50 e:/nxp/lpcxpresso_8.2.2_650/lpcxpresso/tools/bin/../lib/gcc/arm-none-eabi/5.4.1/../../../../arm-none-eabi/lib/armv7-m\libc.a(lib_a-mprec.o)
                0x00006b10                _Balloc
 .text._Bfree   0x00006b60       0x14 e:/nxp/lpcxpresso_8.2.2_650/lpcxpresso/tools/bin/../lib/gcc/arm-none-eabi/5.4.1/../../../../arm-none-eabi/lib/armv7-m\libc.a(lib_a-mprec.o)
                0x00006b60                _Bfree
 .text.__multadd
                0x00006b74       0x80 e:/nxp/lpcxpresso_8.2.2_650/lpcxpresso/tools/bin/../lib/gcc/arm-none-eabi/5.4.1/../../../../arm-none-eabi/lib/armv7-m\libc.a(lib_a-mprec.o)
                0x00006b74                __multadd
 .text.__hi0bits
                0x00006bf4       0x40 e:/nxp/lpcxpresso_8.2.2_650/lpcxpresso/tools/bin/../lib/gcc/arm-none-eabi/5.4.1/../../../../arm-none-eabi/lib/armv7-m\libc.a(lib_a-mprec.o)
                0x00006bf4                __hi0bits
 .text.__lo0bits
                0x00006c34       0x5c e:/nxp/lpcxpresso_8.2.2_650/lpcxpresso/tools/bin/../lib/gcc/arm-none-eabi/5.4.1/../../../../arm-none-eabi/lib/armv7-m\libc.a(lib_a-mprec.o)
                0x00006c34                __lo0bits
 .text.__i2b    0x00006c90       0x14 e:/nxp/lpcxpresso_8.2.2_650/lpcxpresso/tools/bin/../lib/gcc/arm-none-eabi/5.4.1/../../../../arm-none-eabi/lib/armv7-m\libc.a(lib_a-mprec.o)
                0x00006c90                __i2b
 .text.__multiply
                0x00006ca4      0x13c e:/nxp/lpcxpresso_8.2.2_650/lpcxpresso/tools/bin/../lib/gcc/arm-none-eabi/5.4.1/../../../../arm-none-eabi/lib/armv7-m\libc.a(lib_a-mprec.o)
                0x00006ca4                __multiply
 .text.__pow5mult
                0x00006de0       0xa0 e:/nxp/lpcxpresso_8.2.2_650/lpcxpresso/tools/bin/../lib/gcc/arm-none-eabi/5.4.1/../../../../arm-none-eabi/lib/armv7-m\libc.a(lib_a-mprec.o)
                0x00006de0                __pow5mult
 .text.__lshift
                0x00006e80       0xac e:/nxp/lpcxpresso_8.2.2_650/lpcxpresso/tools/bin/../lib/gcc/arm-none-eabi/5.4.1/../../../../arm-none-eabi/lib/armv7-m\libc.a(lib_a-mprec.o)
                0x00006e80                __lshift
 .text.__mcmp   0x00006f2c       0x40 e:/nxp/lpcxpresso_8.2.2_650/lpcxpresso/tools/bin/../lib/gcc/arm-none-eabi/5.4.1/../../../../arm-none-eabi/lib/armv7-m\libc.a(lib_a-mprec.o)
                0x00006f2c                __mcmp
 .text.__mdiff  0x00006f6c      0x128 e:/nxp/lpcxpresso_8.2.2_650/lpcxpresso/tools/bin/../lib/gcc/arm-none-eabi/5.4.1/../../../../arm-none-eabi/lib/armv7-m\libc.a(lib_a-mprec.o)
                0x00006f6c                __mdiff
 .text.__d2b    0x00007094       0xa8 e:/nxp/lpcxpresso_8.2.2_650/lpcxpresso/tools/bin/../lib/gcc/arm-none-eabi/5.4.1/../../../../arm-none-eabi/lib/armv7-m\libc.a(lib_a-mprec.o)
                0x00007094                __d2b
 .text._read_r  0x0000713c       0x2c e:/nxp/lpcxpresso_8.2.2_650/lpcxpresso/tools/bin/../lib/gcc/arm-none-eabi/5.4.1/../../../../arm-none-eabi/lib/armv7-m\libc.a(lib_a-readr.o)
                0x0000713c                _read_r
 .text.__sprint_r.part.0
                0x00007168       0x78 e:/nxp/lpcxpresso_8.2.2_650/lpcxpresso/tools/bin/../lib/gcc/arm-none-eabi/5.4.1/../../../../arm-none-eabi/lib/armv7-m\libc.a(lib_a-vfiprintf.o)
 .text.__sprint_r
                0x000071e0       0x14 e:/nxp/lpcxpresso_8.2.2_650/lpcxpresso/tools/bin/../lib/gcc/arm-none-eabi/5.4.1/../../../../arm-none-eabi/lib/armv7-m\libc.a(lib_a-vfiprintf.o)
                0x000071e0                __sprint_r
 .text._calloc_r
                0x000071f4       0x60 e:/nxp/lpcxpresso_8.2.2_650/lpcxpresso/tools/bin/../lib/gcc/arm-none-eabi/5.4.1/../../../../arm-none-eabi/lib/armv7-m\libc.a(lib_a-callocr.o)
                0x000071f4                _calloc_r
 .text.__fputwc
                0x00007254       0x94 e:/nxp/lpcxpresso_8.2.2_650/lpcxpresso/tools/bin/../lib/gcc/arm-none-eabi/5.4.1/../../../../arm-none-eabi/lib/armv7-m\libc.a(lib_a-fputwc.o)
                0x00007254                __fputwc
 .text._fputwc_r
                0x000072e8       0x24 e:/nxp/lpcxpresso_8.2.2_650/lpcxpresso/tools/bin/../lib/gcc/arm-none-eabi/5.4.1/../../../../arm-none-eabi/lib/armv7-m\libc.a(lib_a-fputwc.o)
                0x000072e8                _fputwc_r
 .text._wcrtomb_r
                0x0000730c       0x54 e:/nxp/lpcxpresso_8.2.2_650/lpcxpresso/tools/bin/../lib/gcc/arm-none-eabi/5.4.1/../../../../arm-none-eabi/lib/armv7-m\libc.a(lib_a-wcrtomb.o)
                0x0000730c                _wcrtomb_r
 .text.__ascii_wctomb
                0x00007360       0x1c e:/nxp/lpcxpresso_8.2.2_650/lpcxpresso/tools/bin/../lib/gcc/arm-none-eabi/5.4.1/../../../../arm-none-eabi/lib/armv7-m\libc.a(lib_a-wctomb_r.o)
                0x00007360                __ascii_wctomb
 .text.startup._GLOBAL__sub_I___cxa_allocate_exception
                0x0000737c       0x28 e:/nxp/lpcxpresso_8.2.2_650/lpcxpresso/tools/bin/../lib/gcc/arm-none-eabi/5.4.1/../../../../arm-none-eabi/lib/armv7-m\libstdc++.a(eh_alloc.o)
 .text.fabs     0x000073a4        0x8 e:/nxp/lpcxpresso_8.2.2_650/lpcxpresso/tools/bin/../lib/gcc/arm-none-eabi/5.4.1/../../../../arm-none-eabi/lib/armv7-m\libm.a(lib_a-s_fabs.o)
                0x000073a4                fabs
 .text._sbrk    0x000073ac       0x3c e:/nxp/lpcxpresso_8.2.2_650/lpcxpresso/tools/bin/../lib/gcc/arm-none-eabi/5.4.1/../../../../arm-none-eabi/lib/armv7-m\libcr_newlib_nohost.a(_cr_sbrk.o)
                0x000073ac                _sbrk
 .text.__check_heap_overflow
                0x000073e8       0x18 e:/nxp/lpcxpresso_8.2.2_650/lpcxpresso/tools/bin/../lib/gcc/arm-none-eabi/5.4.1/../../../../arm-none-eabi/lib/armv7-m\libcr_newlib_nohost.a(_cr_check_heap.o)
                0x000073e8                __check_heap_overflow
 .text          0x00007400       0x5c e:/nxp/lpcxpresso_8.2.2_650/lpcxpresso/tools/bin/../lib/gcc/arm-none-eabi/5.4.1/armv7-m\crtbegin.o
 .text          0x0000745c       0x2c e:/nxp/lpcxpresso_8.2.2_650/lpcxpresso/tools/bin/../lib/gcc/arm-none-eabi/5.4.1/armv7-m\libgcc.a(_arm_unorddf2.o)
                0x0000745c                __unorddf2
                0x0000745c                __aeabi_dcmpun
 *(.rodata .rodata.*)
 .rodata.PinMap_PWM
                0x00007488       0xb4 ./capi_device/pwmout_api.o
 .rodata.PinMap_UART_TX
                0x0000753c       0x6c ./capi_device/serial_api.o
 .rodata.PinMap_UART_RX
                0x000075a8       0x6c ./capi_device/serial_api.o
 .rodata        0x00007614       0xa6 ./capi_device/serial_api.o
 *fill*         0x000076ba        0x2 ff
 .rodata        0x000076bc       0x48 ./capi/pinmap_common.o
 .rodata.str1.4
                0x00007704        0x2 e:/nxp/lpcxpresso_8.2.2_650/lpcxpresso/tools/bin/../lib/gcc/arm-none-eabi/5.4.1/../../../../arm-none-eabi/lib/armv7-m\libc.a(lib_a-impure.o)
 *fill*         0x00007706        0x2 ff
 .rodata.blanks.7070
                0x00007708       0x10 e:/nxp/lpcxpresso_8.2.2_650/lpcxpresso/tools/bin/../lib/gcc/arm-none-eabi/5.4.1/../../../../arm-none-eabi/lib/armv7-m\libc.a(lib_a-vfprintf.o)
 .rodata.str1.4
                0x00007718       0x42 e:/nxp/lpcxpresso_8.2.2_650/lpcxpresso/tools/bin/../lib/gcc/arm-none-eabi/5.4.1/../../../../arm-none-eabi/lib/armv7-m\libc.a(lib_a-vfprintf.o)
 *fill*         0x0000775a        0x2 ff
 .rodata.zeroes.7071
                0x0000775c       0x10 e:/nxp/lpcxpresso_8.2.2_650/lpcxpresso/tools/bin/../lib/gcc/arm-none-eabi/5.4.1/../../../../arm-none-eabi/lib/armv7-m\libc.a(lib_a-vfprintf.o)
 .rodata.str1.4
                0x0000776c       0x10 e:/nxp/lpcxpresso_8.2.2_650/lpcxpresso/tools/bin/../lib/gcc/arm-none-eabi/5.4.1/../../../../arm-none-eabi/lib/armv7-m\libc.a(lib_a-dtoa.o)
                                 0x12 (size before relaxing)
 .rodata.str1.4
                0x0000777c        0xc e:/nxp/lpcxpresso_8.2.2_650/lpcxpresso/tools/bin/../lib/gcc/arm-none-eabi/5.4.1/../../../../arm-none-eabi/lib/armv7-m\libc.a(lib_a-locale.o)
                                 0x12 (size before relaxing)
 .rodata.__mprec_tens
                0x00007788       0xc8 e:/nxp/lpcxpresso_8.2.2_650/lpcxpresso/tools/bin/../lib/gcc/arm-none-eabi/5.4.1/../../../../arm-none-eabi/lib/armv7-m\libc.a(lib_a-mprec.o)
                0x00007788                __mprec_tens
 .rodata.__mprec_bigtens
                0x00007850       0x28 e:/nxp/lpcxpresso_8.2.2_650/lpcxpresso/tools/bin/../lib/gcc/arm-none-eabi/5.4.1/../../../../arm-none-eabi/lib/armv7-m\libc.a(lib_a-mprec.o)
                0x00007850                __mprec_bigtens
 .rodata.p05.5396
                0x00007878        0xc e:/nxp/lpcxpresso_8.2.2_650/lpcxpresso/tools/bin/../lib/gcc/arm-none-eabi/5.4.1/../../../../arm-none-eabi/lib/armv7-m\libc.a(lib_a-mprec.o)
                0x00007884                . = ALIGN (0x4)
                0x00007884                . = ALIGN (0x4)
 *(.init)
 .init          0x00007884        0x4 e:/nxp/lpcxpresso_8.2.2_650/lpcxpresso/tools/bin/../lib/gcc/arm-none-eabi/5.4.1/armv7-m\crti.o
                0x00007884                _init
 .init          0x00007888        0x8 e:/nxp/lpcxpresso_8.2.2_650/lpcxpresso/tools/bin/../lib/gcc/arm-none-eabi/5.4.1/armv7-m\crtn.o
                0x00007890                . = ALIGN (0x4)
                0x00007890                __preinit_array_start = .
 *(.preinit_array)
                0x00007890                __preinit_array_end = .
                0x00007890                . = ALIGN (0x4)
                0x00007890                __init_array_start = .
 *(SORT(.init_array.*))
 *(.init_array)
 .init_array    0x00007890        0x4 ./main.o
 .init_array    0x00007894        0x4 e:/nxp/lpcxpresso_8.2.2_650/lpcxpresso/tools/bin/../lib/gcc/arm-none-eabi/5.4.1/../../../../arm-none-eabi/lib/armv7-m\libstdc++.a(eh_alloc.o)
 .init_array    0x00007898        0x4 e:/nxp/lpcxpresso_8.2.2_650/lpcxpresso/tools/bin/../lib/gcc/arm-none-eabi/5.4.1/armv7-m\crtbegin.o
                0x0000789c                __init_array_end = .
 *(.fini)
 .fini          0x0000789c        0x4 e:/nxp/lpcxpresso_8.2.2_650/lpcxpresso/tools/bin/../lib/gcc/arm-none-eabi/5.4.1/armv7-m\crti.o
                0x0000789c                _fini
 .fini          0x000078a0        0x8 e:/nxp/lpcxpresso_8.2.2_650/lpcxpresso/tools/bin/../lib/gcc/arm-none-eabi/5.4.1/armv7-m\crtn.o
                0x000078a8                . = ALIGN (0x4)
 *crtbegin.o(.ctors)
 *(EXCLUDE_FILE(*crtend.o) .ctors)
 *(SORT(.ctors.*))
 *crtend.o(.ctors)
                0x000078a8                . = ALIGN (0x4)
 *crtbegin.o(.dtors)
 *(EXCLUDE_FILE(*crtend.o) .dtors)
 *(SORT(.dtors.*))
 *crtend.o(.dtors)

.glue_7         0x000078a8        0x0
 .glue_7        0x000078a8        0x0 linker stubs

.glue_7t        0x000078a8        0x0
 .glue_7t       0x000078a8        0x0 linker stubs

.vfp11_veneer   0x000078a8        0x0
 .vfp11_veneer  0x000078a8        0x0 linker stubs

.v4_bx          0x000078a8        0x0
 .v4_bx         0x000078a8        0x0 linker stubs

.iplt           0x000078a8        0x0
 .iplt          0x000078a8        0x0 ./mbed/BusIn.o

.ARM.extab
 *(.ARM.extab* .gnu.linkonce.armextab.*)
                0x000078a8                __exidx_start = .

.ARM.exidx      0x000078a8        0x8
 *(.ARM.exidx* .gnu.linkonce.armexidx.*)
 .ARM.exidx     0x000078a8        0x8 e:/nxp/lpcxpresso_8.2.2_650/lpcxpresso/tools/bin/../lib/gcc/arm-none-eabi/5.4.1/armv7-m\libgcc.a(_udivmoddi4.o)
 .ARM.exidx.text.startup._GLOBAL__sub_I___cxa_allocate_exception
                0x000078b0        0x0 e:/nxp/lpcxpresso_8.2.2_650/lpcxpresso/tools/bin/../lib/gcc/arm-none-eabi/5.4.1/../../../../arm-none-eabi/lib/armv7-m\libstdc++.a(eh_alloc.o)
                                  0x8 (size before relaxing)
                0x000078b0                __exidx_end = .
                0x000078b0                _etext = .

.rel.dyn        0x000078b0        0x0
 .rel.iplt      0x000078b0        0x0 ./mbed/BusIn.o

.eh_frame       0x000078b0        0x0
 .eh_frame      0x000078b0        0x0 e:/nxp/lpcxpresso_8.2.2_650/lpcxpresso/tools/bin/../lib/gcc/arm-none-eabi/5.4.1/armv7-m\crtbegin.o

.data_RAM2      0x2007c000        0x0 load address 0x000078b0
 FILL mask 0xff
 *(.data.$RAM2*)
 *(.data.$RamAHB32*)
                0x2007c000                . = ALIGN (0x4)

.uninit_RESERVED
 *(.bss.$RESERVED*)

.data           0x100000c8      0x8c4 load address 0x000078b0
 FILL mask 0xff
                0x100000c8                _data = .
 *(vtable)
 *(.data*)
 .data.vectors.4911
                0x100000c8        0x4 ./cmsis/LPC1768/cmsis_nvic.o
 .data.SystemCoreClock
                0x100000cc        0x4 ./cmsis/LPC1768/system_LPC17xx.o
                0x100000cc                SystemCoreClock
 .data.PWM_MATCH
                0x100000d0       0x1c ./capi_device/pwmout_api.o
                0x100000d0                PWM_MATCH
 *fill*         0x100000ec        0x4 ff
 .data.impure_data
                0x100000f0      0x428 e:/nxp/lpcxpresso_8.2.2_650/lpcxpresso/tools/bin/../lib/gcc/arm-none-eabi/5.4.1/../../../../arm-none-eabi/lib/armv7-m\libc.a(lib_a-impure.o)
 .data._impure_ptr
                0x10000518        0x4 e:/nxp/lpcxpresso_8.2.2_650/lpcxpresso/tools/bin/../lib/gcc/arm-none-eabi/5.4.1/../../../../arm-none-eabi/lib/armv7-m\libc.a(lib_a-impure.o)
                0x10000518                _impure_ptr
 .data.__malloc_av_
                0x1000051c      0x408 e:/nxp/lpcxpresso_8.2.2_650/lpcxpresso/tools/bin/../lib/gcc/arm-none-eabi/5.4.1/../../../../arm-none-eabi/lib/armv7-m\libc.a(lib_a-mallocr.o)
                0x1000051c                __malloc_av_
 .data.__malloc_trim_threshold
                0x10000924        0x4 e:/nxp/lpcxpresso_8.2.2_650/lpcxpresso/tools/bin/../lib/gcc/arm-none-eabi/5.4.1/../../../../arm-none-eabi/lib/armv7-m\libc.a(lib_a-mallocr.o)
                0x10000924                __malloc_trim_threshold
 .data.__malloc_sbrk_base
                0x10000928        0x4 e:/nxp/lpcxpresso_8.2.2_650/lpcxpresso/tools/bin/../lib/gcc/arm-none-eabi/5.4.1/../../../../arm-none-eabi/lib/armv7-m\libc.a(lib_a-mallocr.o)
                0x10000928                __malloc_sbrk_base
 .data.lconv    0x1000092c       0x38 e:/nxp/lpcxpresso_8.2.2_650/lpcxpresso/tools/bin/../lib/gcc/arm-none-eabi/5.4.1/../../../../arm-none-eabi/lib/armv7-m\libc.a(lib_a-locale.o)
 .data.lc_ctype_charset
                0x10000964       0x20 e:/nxp/lpcxpresso_8.2.2_650/lpcxpresso/tools/bin/../lib/gcc/arm-none-eabi/5.4.1/../../../../arm-none-eabi/lib/armv7-m\libc.a(lib_a-locale.o)
 .data.__mb_cur_max
                0x10000984        0x4 e:/nxp/lpcxpresso_8.2.2_650/lpcxpresso/tools/bin/../lib/gcc/arm-none-eabi/5.4.1/../../../../arm-none-eabi/lib/armv7-m\libc.a(lib_a-locale.o)
                0x10000984                __mb_cur_max
 .data.__wctomb
                0x10000988        0x4 e:/nxp/lpcxpresso_8.2.2_650/lpcxpresso/tools/bin/../lib/gcc/arm-none-eabi/5.4.1/../../../../arm-none-eabi/lib/armv7-m\libc.a(lib_a-wctomb_r.o)
                0x10000988                __wctomb
                0x1000098c                . = ALIGN (0x4)
                0x1000098c                _edata = .

.igot.plt       0x1000098c        0x0 load address 0x00008174
 .igot.plt      0x1000098c        0x0 ./mbed/BusIn.o

.jcr            0x1000098c        0x0 load address 0x00008174
 .jcr           0x1000098c        0x0 e:/nxp/lpcxpresso_8.2.2_650/lpcxpresso/tools/bin/../lib/gcc/arm-none-eabi/5.4.1/armv7-m\crtbegin.o

.bss_RAM2       0x2007c000        0x0
 *(.bss.$RAM2*)
 *(.bss.$RamAHB32*)
                0x2007c000                . = ALIGN (0x4)

.bss            0x1000098c      0x1b4
                0x1000098c                _bss = .
 *(.bss*)
 .bss._ZL11filehandles
                0x1000098c      0x100 ./mbed/stdio.o
 .bss.stdio_retargeting_module
                0x10000a8c        0x4 ./mbed/stdio.o
                0x10000a8c                stdio_retargeting_module
 .bss.gpio_enabled
                0x10000a90        0x4 ./capi_device/gpio_api.o
 .bss.pwm_clock_mhz
                0x10000a94        0x4 ./capi_device/pwmout_api.o
 .bss.stdio_uart_inited
                0x10000a98        0x4 ./capi_device/serial_api.o
                0x10000a98                stdio_uart_inited
 .bss.us_ticker_inited
                0x10000a9c        0x4 ./capi_device/us_ticker.o
                0x10000a9c                us_ticker_inited
 .bss.event_handler
                0x10000aa0        0x4 ./capi/us_ticker_api.o
 .bss.head      0x10000aa4        0x4 ./capi/us_ticker_api.o
 .bss.myled     0x10000aa8       0x18 ./main.o
                0x10000aa8                myled
 .bss.PWM1      0x10000ac0        0x8 ./main.o
                0x10000ac0                PWM1
 .bss.PWM2      0x10000ac8        0x8 ./main.o
                0x10000ac8                PWM2
 .bss.__malloc_max_total_mem
                0x10000ad0        0x4 e:/nxp/lpcxpresso_8.2.2_650/lpcxpresso/tools/bin/../lib/gcc/arm-none-eabi/5.4.1/../../../../arm-none-eabi/lib/armv7-m\libc.a(lib_a-mallocr.o)
                0x10000ad0                __malloc_max_total_mem
 .bss.__malloc_max_sbrked_mem
                0x10000ad4        0x4 e:/nxp/lpcxpresso_8.2.2_650/lpcxpresso/tools/bin/../lib/gcc/arm-none-eabi/5.4.1/../../../../arm-none-eabi/lib/armv7-m\libc.a(lib_a-mallocr.o)
                0x10000ad4                __malloc_max_sbrked_mem
 .bss.__malloc_top_pad
                0x10000ad8        0x4 e:/nxp/lpcxpresso_8.2.2_650/lpcxpresso/tools/bin/../lib/gcc/arm-none-eabi/5.4.1/../../../../arm-none-eabi/lib/armv7-m\libc.a(lib_a-mallocr.o)
                0x10000ad8                __malloc_top_pad
 .bss.__malloc_current_mallinfo
                0x10000adc       0x28 e:/nxp/lpcxpresso_8.2.2_650/lpcxpresso/tools/bin/../lib/gcc/arm-none-eabi/5.4.1/../../../../arm-none-eabi/lib/armv7-m\libc.a(lib_a-mallocr.o)
                0x10000adc                __malloc_current_mallinfo
 .bss._ZN12_GLOBAL__N_114emergency_poolE
                0x10000b04       0x10 e:/nxp/lpcxpresso_8.2.2_650/lpcxpresso/tools/bin/../lib/gcc/arm-none-eabi/5.4.1/../../../../arm-none-eabi/lib/armv7-m\libstdc++.a(eh_alloc.o)
 .bss.__end_of_heap
                0x10000b14        0x4 e:/nxp/lpcxpresso_8.2.2_650/lpcxpresso/tools/bin/../lib/gcc/arm-none-eabi/5.4.1/../../../../arm-none-eabi/lib/armv7-m\libcr_newlib_nohost.a(_cr_sbrk.o)
                0x10000b14                __end_of_heap
 .bss           0x10000b18       0x1c e:/nxp/lpcxpresso_8.2.2_650/lpcxpresso/tools/bin/../lib/gcc/arm-none-eabi/5.4.1/armv7-m\crtbegin.o
 *(COMMON)
 COMMON         0x10000b34        0x8 ./capi_device/serial_api.o
                0x10000b34                stdio_uart
 COMMON         0x10000b3c        0x4 e:/nxp/lpcxpresso_8.2.2_650/lpcxpresso/tools/bin/../lib/gcc/arm-none-eabi/5.4.1/../../../../arm-none-eabi/lib/armv7-m\libc.a(lib_a-reent.o)
                0x10000b3c                errno
                0x10000b40                . = ALIGN (0x4)
                0x10000b40                _ebss = .
                [!provide]                PROVIDE (end, .)
                0x10000b40                PROVIDE (_pvHeapStart, .)
                0x10008000                PROVIDE (_vStackTop, (__top_RamLoc32 - 0x0))
OUTPUT(app_led.axf elf32-littlearm)

.debug_info     0x00000000     0xf54c
 .debug_info    0x00000000     0x2451 ./mbed/BusOut.o
 .debug_info    0x00002451     0x2a9d ./mbed/stdio.o
 .debug_info    0x00004eee      0x3b0 ./cmsis/LPC1768/GCC_CR/startup_LPC17xx.o
 .debug_info    0x0000529e      0x436 ./cmsis/LPC1768/cmsis_nvic.o
 .debug_info    0x000056d4      0x336 ./cmsis/LPC1768/system_LPC17xx.o
 .debug_info    0x00005a0a      0xc3e ./capi_device/gpio_api.o
 .debug_info    0x00006648      0x928 ./capi_device/pinmap.o
 .debug_info    0x00006f70     0x164f ./capi_device/pwmout_api.o
 .debug_info    0x000085bf      0x114 ./capi_device/semihost.o
 .debug_info    0x000086d3     0x1fcc ./capi_device/serial_api.o
 .debug_info    0x0000a69f      0x739 ./capi_device/us_ticker.o
 .debug_info    0x0000add8      0x89b ./capi/board.o
 .debug_info    0x0000b673       0xbe ./capi/exit.o
 .debug_info    0x0000b731      0x1e3 ./capi/mbed_interface.o
 .debug_info    0x0000b914     0x1090 ./capi/pinmap_common.o
 .debug_info    0x0000c9a4      0x473 ./capi/semihost_api.o
 .debug_info    0x0000ce17      0x271 ./capi/us_ticker_api.o
 .debug_info    0x0000d088       0xfb ./capi/wait_api.o
 .debug_info    0x0000d183     0x223b ./main.o
 .debug_info    0x0000f3be      0x124 e:/nxp/lpcxpresso_8.2.2_650/lpcxpresso/tools/bin/../lib/gcc/arm-none-eabi/5.4.1/../../../../arm-none-eabi/lib/armv7-m\libcr_newlib_nohost.a(_cr_sbrk.o)
 .debug_info    0x0000f4e2       0x6a e:/nxp/lpcxpresso_8.2.2_650/lpcxpresso/tools/bin/../lib/gcc/arm-none-eabi/5.4.1/../../../../arm-none-eabi/lib/armv7-m\libcr_newlib_nohost.a(_cr_check_heap.o)

.debug_abbrev   0x00000000     0x257b
 .debug_abbrev  0x00000000      0x43d ./mbed/BusOut.o
 .debug_abbrev  0x0000043d      0x586 ./mbed/stdio.o
 .debug_abbrev  0x000009c3      0x171 ./cmsis/LPC1768/GCC_CR/startup_LPC17xx.o
 .debug_abbrev  0x00000b34      0x139 ./cmsis/LPC1768/cmsis_nvic.o
 .debug_abbrev  0x00000c6d       0xe4 ./cmsis/LPC1768/system_LPC17xx.o
 .debug_abbrev  0x00000d51      0x19c ./capi_device/gpio_api.o
 .debug_abbrev  0x00000eed       0xfa ./capi_device/pinmap.o
 .debug_abbrev  0x00000fe7      0x2ec ./capi_device/pwmout_api.o
 .debug_abbrev  0x000012d3       0x93 ./capi_device/semihost.o
 .debug_abbrev  0x00001366      0x39d ./capi_device/serial_api.o
 .debug_abbrev  0x00001703      0x1ff ./capi_device/us_ticker.o
 .debug_abbrev  0x00001902      0x11d ./capi/board.o
 .debug_abbrev  0x00001a1f       0x79 ./capi/exit.o
 .debug_abbrev  0x00001a98      0x10b ./capi/mbed_interface.o
 .debug_abbrev  0x00001ba3      0x1f7 ./capi/pinmap_common.o
 .debug_abbrev  0x00001d9a       0xf4 ./capi/semihost_api.o
 .debug_abbrev  0x00001e8e      0x11e ./capi/us_ticker_api.o
 .debug_abbrev  0x00001fac       0x88 ./capi/wait_api.o
 .debug_abbrev  0x00002034      0x416 ./main.o
 .debug_abbrev  0x0000244a       0xcf e:/nxp/lpcxpresso_8.2.2_650/lpcxpresso/tools/bin/../lib/gcc/arm-none-eabi/5.4.1/../../../../arm-none-eabi/lib/armv7-m\libcr_newlib_nohost.a(_cr_sbrk.o)
 .debug_abbrev  0x00002519       0x62 e:/nxp/lpcxpresso_8.2.2_650/lpcxpresso/tools/bin/../lib/gcc/arm-none-eabi/5.4.1/../../../../arm-none-eabi/lib/armv7-m\libcr_newlib_nohost.a(_cr_check_heap.o)

.debug_aranges  0x00000000      0x6c0
 .debug_aranges
                0x00000000       0x88 ./mbed/BusOut.o
 .debug_aranges
                0x00000088       0xd8 ./mbed/stdio.o
 .debug_aranges
                0x00000160       0xa8 ./cmsis/LPC1768/GCC_CR/startup_LPC17xx.o
 .debug_aranges
                0x00000208       0x28 ./cmsis/LPC1768/cmsis_nvic.o
 .debug_aranges
                0x00000230       0x28 ./cmsis/LPC1768/system_LPC17xx.o
 .debug_aranges
                0x00000258       0x40 ./capi_device/gpio_api.o
 .debug_aranges
                0x00000298       0x28 ./capi_device/pinmap.o
 .debug_aranges
                0x000002c0       0x68 ./capi_device/pwmout_api.o
 .debug_aranges
                0x00000328       0x20 ./capi_device/semihost.o
 .debug_aranges
                0x00000348       0xb0 ./capi_device/serial_api.o
 .debug_aranges
                0x000003f8       0x48 ./capi_device/us_ticker.o
 .debug_aranges
                0x00000440       0x28 ./capi/board.o
 .debug_aranges
                0x00000468       0x20 ./capi/exit.o
 .debug_aranges
                0x00000488       0x58 ./capi/mbed_interface.o
 .debug_aranges
                0x000004e0       0x30 ./capi/pinmap_common.o
 .debug_aranges
                0x00000510       0xa0 ./capi/semihost_api.o
 .debug_aranges
                0x000005b0       0x38 ./capi/us_ticker_api.o
 .debug_aranges
                0x000005e8       0x30 ./capi/wait_api.o
 .debug_aranges
                0x00000618       0x68 ./main.o
 .debug_aranges
                0x00000680       0x20 e:/nxp/lpcxpresso_8.2.2_650/lpcxpresso/tools/bin/../lib/gcc/arm-none-eabi/5.4.1/../../../../arm-none-eabi/lib/armv7-m\libcr_newlib_nohost.a(_cr_sbrk.o)
 .debug_aranges
                0x000006a0       0x20 e:/nxp/lpcxpresso_8.2.2_650/lpcxpresso/tools/bin/../lib/gcc/arm-none-eabi/5.4.1/../../../../arm-none-eabi/lib/armv7-m\libcr_newlib_nohost.a(_cr_check_heap.o)

.debug_ranges   0x00000000      0x570
 .debug_ranges  0x00000000       0x78 ./mbed/BusOut.o
 .debug_ranges  0x00000078       0xc8 ./mbed/stdio.o
 .debug_ranges  0x00000140       0x98 ./cmsis/LPC1768/GCC_CR/startup_LPC17xx.o
 .debug_ranges  0x000001d8       0x18 ./cmsis/LPC1768/cmsis_nvic.o
 .debug_ranges  0x000001f0       0x18 ./cmsis/LPC1768/system_LPC17xx.o
 .debug_ranges  0x00000208       0x30 ./capi_device/gpio_api.o
 .debug_ranges  0x00000238       0x18 ./capi_device/pinmap.o
 .debug_ranges  0x00000250       0x58 ./capi_device/pwmout_api.o
 .debug_ranges  0x000002a8       0x10 ./capi_device/semihost.o
 .debug_ranges  0x000002b8       0xa0 ./capi_device/serial_api.o
 .debug_ranges  0x00000358       0x38 ./capi_device/us_ticker.o
 .debug_ranges  0x00000390       0x18 ./capi/board.o
 .debug_ranges  0x000003a8       0x10 ./capi/exit.o
 .debug_ranges  0x000003b8       0x48 ./capi/mbed_interface.o
 .debug_ranges  0x00000400       0x20 ./capi/pinmap_common.o
 .debug_ranges  0x00000420       0x90 ./capi/semihost_api.o
 .debug_ranges  0x000004b0       0x28 ./capi/us_ticker_api.o
 .debug_ranges  0x000004d8       0x20 ./capi/wait_api.o
 .debug_ranges  0x000004f8       0x58 ./main.o
 .debug_ranges  0x00000550       0x10 e:/nxp/lpcxpresso_8.2.2_650/lpcxpresso/tools/bin/../lib/gcc/arm-none-eabi/5.4.1/../../../../arm-none-eabi/lib/armv7-m\libcr_newlib_nohost.a(_cr_sbrk.o)
 .debug_ranges  0x00000560       0x10 e:/nxp/lpcxpresso_8.2.2_650/lpcxpresso/tools/bin/../lib/gcc/arm-none-eabi/5.4.1/../../../../arm-none-eabi/lib/armv7-m\libcr_newlib_nohost.a(_cr_check_heap.o)

.debug_macro    0x00000000     0x47b0
 .debug_macro   0x00000000      0x2f1 ./mbed/BusOut.o
 .debug_macro   0x000002f1      0x3a3 ./mbed/stdio.o
 .debug_macro   0x00000694       0x10 ./mbed/stdio.o
 .debug_macro   0x000006a4      0x241 ./mbed/stdio.o
 .debug_macro   0x000008e5       0x16 ./mbed/stdio.o
 .debug_macro   0x000008fb      0x513 ./mbed/stdio.o
 .debug_macro   0x00000e0e       0x10 ./mbed/stdio.o
 .debug_macro   0x00000e1e      0x174 ./cmsis/LPC1768/GCC_CR/startup_LPC17xx.o
 .debug_macro   0x00000f92      0x10e ./cmsis/LPC1768/GCC_CR/startup_LPC17xx.o
 .debug_macro   0x000010a0       0x86 ./cmsis/LPC1768/GCC_CR/startup_LPC17xx.o
 .debug_macro   0x00001126       0xc0 ./cmsis/LPC1768/cmsis_nvic.o
 .debug_macro   0x000011e6      0x88c ./cmsis/LPC1768/cmsis_nvic.o
 .debug_macro   0x00001a72       0x87 ./cmsis/LPC1768/cmsis_nvic.o
 .debug_macro   0x00001af9      0xbb1 ./cmsis/LPC1768/cmsis_nvic.o
 .debug_macro   0x000026aa      0x152 ./cmsis/LPC1768/system_LPC17xx.o
 .debug_macro   0x000027fc      0x105 ./capi_device/gpio_api.o
 .debug_macro   0x00002901      0x27c ./capi_device/pinmap.o
 .debug_macro   0x00002b7d       0x10 ./capi_device/pinmap.o
 .debug_macro   0x00002b8d      0x292 ./capi_device/pwmout_api.o
 .debug_macro   0x00002e1f      0x105 ./capi_device/semihost.o
 .debug_macro   0x00002f24      0x2b0 ./capi_device/serial_api.o
 .debug_macro   0x000031d4       0xe2 ./capi_device/us_ticker.o
 .debug_macro   0x000032b6       0x16 ./capi_device/us_ticker.o
 .debug_macro   0x000032cc      0x10a ./capi/board.o
 .debug_macro   0x000033d6      0x10f ./capi/exit.o
 .debug_macro   0x000034e5      0x29e ./capi/mbed_interface.o
 .debug_macro   0x00003783       0x8d ./capi/mbed_interface.o
 .debug_macro   0x00003810       0x97 ./capi/mbed_interface.o
 .debug_macro   0x000038a7       0xfd ./capi/mbed_interface.o
 .debug_macro   0x000039a4      0x27c ./capi/pinmap_common.o
 .debug_macro   0x00003c20      0x21f ./capi/semihost_api.o
 .debug_macro   0x00003e3f       0xc7 ./capi/us_ticker_api.o
 .debug_macro   0x00003f06       0x77 ./capi/wait_api.o
 .debug_macro   0x00003f7d      0x521 ./main.o
 .debug_macro   0x0000449e       0x10 ./main.o
 .debug_macro   0x000044ae      0x1da ./main.o
 .debug_macro   0x00004688      0x128 ./main.o

.debug_line     0x00000000     0x6660
 .debug_line    0x00000000      0x80a ./mbed/BusOut.o
 .debug_line    0x0000080a      0xa10 ./mbed/stdio.o
 .debug_line    0x0000121a      0x421 ./cmsis/LPC1768/GCC_CR/startup_LPC17xx.o
 .debug_line    0x0000163b      0x2c1 ./cmsis/LPC1768/cmsis_nvic.o
 .debug_line    0x000018fc      0x2e9 ./cmsis/LPC1768/system_LPC17xx.o
 .debug_line    0x00001be5      0x473 ./capi_device/gpio_api.o
 .debug_line    0x00002058      0x562 ./capi_device/pinmap.o
 .debug_line    0x000025ba      0x626 ./capi_device/pwmout_api.o
 .debug_line    0x00002be0      0x417 ./capi_device/semihost.o
 .debug_line    0x00002ff7      0x79c ./capi_device/serial_api.o
 .debug_line    0x00003793      0x449 ./capi_device/us_ticker.o
 .debug_line    0x00003bdc      0x416 ./capi/board.o
 .debug_line    0x00003ff2      0x3d7 ./capi/exit.o
 .debug_line    0x000043c9      0x5da ./capi/mbed_interface.o
 .debug_line    0x000049a3      0x536 ./capi/pinmap_common.o
 .debug_line    0x00004ed9      0x5ae ./capi/semihost_api.o
 .debug_line    0x00005487      0x38b ./capi/us_ticker_api.o
 .debug_line    0x00005812      0x263 ./capi/wait_api.o
 .debug_line    0x00005a75      0xa9d ./main.o
 .debug_line    0x00006512      0x101 e:/nxp/lpcxpresso_8.2.2_650/lpcxpresso/tools/bin/../lib/gcc/arm-none-eabi/5.4.1/../../../../arm-none-eabi/lib/armv7-m\libcr_newlib_nohost.a(_cr_sbrk.o)
 .debug_line    0x00006613       0x4d e:/nxp/lpcxpresso_8.2.2_650/lpcxpresso/tools/bin/../lib/gcc/arm-none-eabi/5.4.1/../../../../arm-none-eabi/lib/armv7-m\libcr_newlib_nohost.a(_cr_check_heap.o)

.debug_str      0x00000000    0x13da1
 .debug_str     0x00000000     0xea0b ./mbed/BusOut.o
                               0xed4f (size before relaxing)
 .debug_str     0x0000ea0b     0x25b1 ./mbed/stdio.o
                              0x11070 (size before relaxing)
 .debug_str     0x00010fbc      0x2d6 ./cmsis/LPC1768/GCC_CR/startup_LPC17xx.o
                               0xbaed (size before relaxing)
 .debug_str     0x00011292      0x520 ./cmsis/LPC1768/cmsis_nvic.o
                               0x8fea (size before relaxing)
 .debug_str     0x000117b2      0x44d ./cmsis/LPC1768/system_LPC17xx.o
                               0x911f (size before relaxing)
 .debug_str     0x00011bff      0x246 ./capi_device/gpio_api.o
                               0x9583 (size before relaxing)
 .debug_str     0x00011e45      0x18c ./capi_device/pinmap.o
                               0xd08d (size before relaxing)
 .debug_str     0x00011fd1      0x1d8 ./capi_device/pwmout_api.o
                               0xd6a4 (size before relaxing)
 .debug_str     0x000121a9      0x12c ./capi_device/semihost.o
                               0x904d (size before relaxing)
 .debug_str     0x000122d5      0xbd4 ./capi_device/serial_api.o
                               0xe384 (size before relaxing)
 .debug_str     0x00012ea9      0x16d ./capi_device/us_ticker.o
                               0x9521 (size before relaxing)
 .debug_str     0x00013016       0x86 ./capi/board.o
                               0x940b (size before relaxing)
 .debug_str     0x0001309c       0x71 ./capi/exit.o
                               0x9013 (size before relaxing)
 .debug_str     0x0001310d       0xfb ./capi/mbed_interface.o
                               0xcd6e (size before relaxing)
 .debug_str     0x00013208       0x89 ./capi/pinmap_common.o
                               0xd411 (size before relaxing)
 .debug_str     0x00013291      0x377 ./capi/semihost_api.o
                               0xbd43 (size before relaxing)
 .debug_str     0x00013608      0x10e ./capi/us_ticker_api.o
                               0x90f5 (size before relaxing)
 .debug_str     0x00013716       0x6c ./capi/wait_api.o
                               0x3404 (size before relaxing)
 .debug_str     0x00013782      0x476 ./main.o
                              0x1043c (size before relaxing)
 .debug_str     0x00013bf8      0x184 e:/nxp/lpcxpresso_8.2.2_650/lpcxpresso/tools/bin/../lib/gcc/arm-none-eabi/5.4.1/../../../../arm-none-eabi/lib/armv7-m\libcr_newlib_nohost.a(_cr_sbrk.o)
                                0x229 (size before relaxing)
 .debug_str     0x00013d7c       0x25 e:/nxp/lpcxpresso_8.2.2_650/lpcxpresso/tools/bin/../lib/gcc/arm-none-eabi/5.4.1/../../../../arm-none-eabi/lib/armv7-m\libcr_newlib_nohost.a(_cr_check_heap.o)
                                0x16b (size before relaxing)

.comment        0x00000000       0xdc
 .comment       0x00000000       0x6e ./mbed/BusOut.o
                                 0x6f (size before relaxing)
 .comment       0x0000006e       0x6f ./mbed/stdio.o
 .comment       0x0000006e       0x6f ./cmsis/LPC1768/GCC_CR/startup_LPC17xx.o
 .comment       0x0000006e       0x6f ./cmsis/LPC1768/cmsis_nvic.o
 .comment       0x0000006e       0x6f ./cmsis/LPC1768/system_LPC17xx.o
 .comment       0x0000006e       0x6f ./capi_device/gpio_api.o
 .comment       0x0000006e       0x6f ./capi_device/pinmap.o
 .comment       0x0000006e       0x6f ./capi_device/pwmout_api.o
 .comment       0x0000006e       0x6f ./capi_device/semihost.o
 .comment       0x0000006e       0x6f ./capi_device/serial_api.o
 .comment       0x0000006e       0x6f ./capi_device/us_ticker.o
 .comment       0x0000006e       0x6f ./capi/board.o
 .comment       0x0000006e       0x6f ./capi/exit.o
 .comment       0x0000006e       0x6f ./capi/mbed_interface.o
 .comment       0x0000006e       0x6f ./capi/pinmap_common.o
 .comment       0x0000006e       0x6f ./capi/semihost_api.o
 .comment       0x0000006e       0x6f ./capi/us_ticker_api.o
 .comment       0x0000006e       0x6f ./capi/wait_api.o
 .comment       0x0000006e       0x6f ./main.o
 .comment       0x0000006e       0x6e e:/nxp/lpcxpresso_8.2.2_650/lpcxpresso/tools/bin/../lib/gcc/arm-none-eabi/5.4.1/../../../../arm-none-eabi/lib/armv7-m\libcr_newlib_nohost.a(_cr_sbrk.o)
                                 0x6f (size before relaxing)
 .comment       0x000000dc       0x6f e:/nxp/lpcxpresso_8.2.2_650/lpcxpresso/tools/bin/../lib/gcc/arm-none-eabi/5.4.1/../../../../arm-none-eabi/lib/armv7-m\libcr_newlib_nohost.a(_cr_check_heap.o)

.ARM.attributes
                0x00000000       0x31
 .ARM.attributes
                0x00000000       0x33 ./mbed/BusOut.o
 .ARM.attributes
                0x00000033       0x33 ./mbed/stdio.o
 .ARM.attributes
                0x00000066       0x33 ./cmsis/LPC1768/GCC_CR/startup_LPC17xx.o
 .ARM.attributes
                0x00000099       0x33 ./cmsis/LPC1768/cmsis_nvic.o
 .ARM.attributes
                0x000000cc       0x33 ./cmsis/LPC1768/system_LPC17xx.o
 .ARM.attributes
                0x000000ff       0x33 ./capi_device/gpio_api.o
 .ARM.attributes
                0x00000132       0x33 ./capi_device/pinmap.o
 .ARM.attributes
                0x00000165       0x33 ./capi_device/pwmout_api.o
 .ARM.attributes
                0x00000198       0x33 ./capi_device/semihost.o
 .ARM.attributes
                0x000001cb       0x33 ./capi_device/serial_api.o
 .ARM.attributes
                0x000001fe       0x33 ./capi_device/us_ticker.o
 .ARM.attributes
                0x00000231       0x33 ./capi/board.o
 .ARM.attributes
                0x00000264       0x33 ./capi/exit.o
 .ARM.attributes
                0x00000297       0x33 ./capi/mbed_interface.o
 .ARM.attributes
                0x000002ca       0x33 ./capi/pinmap_common.o
 .ARM.attributes
                0x000002fd       0x33 ./capi/semihost_api.o
 .ARM.attributes
                0x00000330       0x33 ./capi/us_ticker_api.o
 .ARM.attributes
                0x00000363       0x33 ./capi/wait_api.o
 .ARM.attributes
                0x00000396       0x33 ./main.o
 .ARM.attributes
                0x000003c9       0x1d e:/nxp/lpcxpresso_8.2.2_650/lpcxpresso/tools/bin/../lib/gcc/arm-none-eabi/5.4.1/armv7-m\libgcc.a(_arm_addsubdf3.o)
 .ARM.attributes
                0x000003e6       0x1d e:/nxp/lpcxpresso_8.2.2_650/lpcxpresso/tools/bin/../lib/gcc/arm-none-eabi/5.4.1/armv7-m\libgcc.a(_arm_muldivdf3.o)
 .ARM.attributes
                0x00000403       0x1d e:/nxp/lpcxpresso_8.2.2_650/lpcxpresso/tools/bin/../lib/gcc/arm-none-eabi/5.4.1/armv7-m\libgcc.a(_arm_cmpdf2.o)
 .ARM.attributes
                0x00000420       0x1d e:/nxp/lpcxpresso_8.2.2_650/lpcxpresso/tools/bin/../lib/gcc/arm-none-eabi/5.4.1/armv7-m\libgcc.a(_arm_fixdfsi.o)
 .ARM.attributes
                0x0000043d       0x1d e:/nxp/lpcxpresso_8.2.2_650/lpcxpresso/tools/bin/../lib/gcc/arm-none-eabi/5.4.1/armv7-m\libgcc.a(_arm_truncdfsf2.o)
 .ARM.attributes
                0x0000045a       0x1d e:/nxp/lpcxpresso_8.2.2_650/lpcxpresso/tools/bin/../lib/gcc/arm-none-eabi/5.4.1/armv7-m\libgcc.a(_arm_addsubsf3.o)
 .ARM.attributes
                0x00000477       0x1d e:/nxp/lpcxpresso_8.2.2_650/lpcxpresso/tools/bin/../lib/gcc/arm-none-eabi/5.4.1/armv7-m\libgcc.a(_arm_muldivsf3.o)
 .ARM.attributes
                0x00000494       0x1d e:/nxp/lpcxpresso_8.2.2_650/lpcxpresso/tools/bin/../lib/gcc/arm-none-eabi/5.4.1/armv7-m\libgcc.a(_arm_cmpsf2.o)
 .ARM.attributes
                0x000004b1       0x1d e:/nxp/lpcxpresso_8.2.2_650/lpcxpresso/tools/bin/../lib/gcc/arm-none-eabi/5.4.1/armv7-m\libgcc.a(_arm_fixunssfsi.o)
 .ARM.attributes
                0x000004ce       0x1d e:/nxp/lpcxpresso_8.2.2_650/lpcxpresso/tools/bin/../lib/gcc/arm-none-eabi/5.4.1/armv7-m\libgcc.a(_aeabi_uldivmod.o)
 .ARM.attributes
                0x000004eb       0x2d e:/nxp/lpcxpresso_8.2.2_650/lpcxpresso/tools/bin/../lib/gcc/arm-none-eabi/5.4.1/armv7-m\libgcc.a(_udivmoddi4.o)
 .ARM.attributes
                0x00000518       0x1d e:/nxp/lpcxpresso_8.2.2_650/lpcxpresso/tools/bin/../lib/gcc/arm-none-eabi/5.4.1/armv7-m\libgcc.a(_dvmd_tls.o)
 .ARM.attributes
                0x00000535       0x2d e:/nxp/lpcxpresso_8.2.2_650/lpcxpresso/tools/bin/../lib/gcc/arm-none-eabi/5.4.1/../../../../arm-none-eabi/lib/armv7-m\libc.a(lib_a-errno.o)
 .ARM.attributes
                0x00000562       0x2d e:/nxp/lpcxpresso_8.2.2_650/lpcxpresso/tools/bin/../lib/gcc/arm-none-eabi/5.4.1/../../../../arm-none-eabi/lib/armv7-m\libc.a(lib_a-fclose.o)
 .ARM.attributes
                0x0000058f       0x2d e:/nxp/lpcxpresso_8.2.2_650/lpcxpresso/tools/bin/../lib/gcc/arm-none-eabi/5.4.1/../../../../arm-none-eabi/lib/armv7-m\libc.a(lib_a-fflush.o)
 .ARM.attributes
                0x000005bc       0x2d e:/nxp/lpcxpresso_8.2.2_650/lpcxpresso/tools/bin/../lib/gcc/arm-none-eabi/5.4.1/../../../../arm-none-eabi/lib/armv7-m\libc.a(lib_a-findfp.o)
 .ARM.attributes
                0x000005e9       0x2d e:/nxp/lpcxpresso_8.2.2_650/lpcxpresso/tools/bin/../lib/gcc/arm-none-eabi/5.4.1/../../../../arm-none-eabi/lib/armv7-m\libc.a(lib_a-fprintf.o)
 .ARM.attributes
                0x00000616       0x2d e:/nxp/lpcxpresso_8.2.2_650/lpcxpresso/tools/bin/../lib/gcc/arm-none-eabi/5.4.1/../../../../arm-none-eabi/lib/armv7-m\libc.a(lib_a-freer.o)
 .ARM.attributes
                0x00000643       0x2d e:/nxp/lpcxpresso_8.2.2_650/lpcxpresso/tools/bin/../lib/gcc/arm-none-eabi/5.4.1/../../../../arm-none-eabi/lib/armv7-m\libc.a(lib_a-fstatr.o)
 .ARM.attributes
                0x00000670       0x2d e:/nxp/lpcxpresso_8.2.2_650/lpcxpresso/tools/bin/../lib/gcc/arm-none-eabi/5.4.1/../../../../arm-none-eabi/lib/armv7-m\libc.a(lib_a-fvwrite.o)
 .ARM.attributes
                0x0000069d       0x2d e:/nxp/lpcxpresso_8.2.2_650/lpcxpresso/tools/bin/../lib/gcc/arm-none-eabi/5.4.1/../../../../arm-none-eabi/lib/armv7-m\libc.a(lib_a-fwalk.o)
 .ARM.attributes
                0x000006ca       0x2d e:/nxp/lpcxpresso_8.2.2_650/lpcxpresso/tools/bin/../lib/gcc/arm-none-eabi/5.4.1/../../../../arm-none-eabi/lib/armv7-m\libc.a(lib_a-impure.o)
 .ARM.attributes
                0x000006f7       0x2d e:/nxp/lpcxpresso_8.2.2_650/lpcxpresso/tools/bin/../lib/gcc/arm-none-eabi/5.4.1/../../../../arm-none-eabi/lib/armv7-m\libc.a(lib_a-init.o)
 .ARM.attributes
                0x00000724       0x2d e:/nxp/lpcxpresso_8.2.2_650/lpcxpresso/tools/bin/../lib/gcc/arm-none-eabi/5.4.1/../../../../arm-none-eabi/lib/armv7-m\libc.a(lib_a-makebuf.o)
 .ARM.attributes
                0x00000751       0x2d e:/nxp/lpcxpresso_8.2.2_650/lpcxpresso/tools/bin/../lib/gcc/arm-none-eabi/5.4.1/../../../../arm-none-eabi/lib/armv7-m\libc.a(lib_a-malloc.o)
 .ARM.attributes
                0x0000077e       0x2d e:/nxp/lpcxpresso_8.2.2_650/lpcxpresso/tools/bin/../lib/gcc/arm-none-eabi/5.4.1/../../../../arm-none-eabi/lib/armv7-m\libc.a(lib_a-mallocr.o)
 .ARM.attributes
                0x000007ab       0x2d e:/nxp/lpcxpresso_8.2.2_650/lpcxpresso/tools/bin/../lib/gcc/arm-none-eabi/5.4.1/../../../../arm-none-eabi/lib/armv7-m\libc.a(lib_a-memchr-stub.o)
 .ARM.attributes
                0x000007d8       0x1b e:/nxp/lpcxpresso_8.2.2_650/lpcxpresso/tools/bin/../lib/gcc/arm-none-eabi/5.4.1/../../../../arm-none-eabi/lib/armv7-m\libc.a(lib_a-memcpy.o)
 .ARM.attributes
                0x000007f3       0x2d e:/nxp/lpcxpresso_8.2.2_650/lpcxpresso/tools/bin/../lib/gcc/arm-none-eabi/5.4.1/../../../../arm-none-eabi/lib/armv7-m\libc.a(lib_a-memmove.o)
 .ARM.attributes
                0x00000820       0x2d e:/nxp/lpcxpresso_8.2.2_650/lpcxpresso/tools/bin/../lib/gcc/arm-none-eabi/5.4.1/../../../../arm-none-eabi/lib/armv7-m\libc.a(lib_a-memset.o)
 .ARM.attributes
                0x0000084d       0x2d e:/nxp/lpcxpresso_8.2.2_650/lpcxpresso/tools/bin/../lib/gcc/arm-none-eabi/5.4.1/../../../../arm-none-eabi/lib/armv7-m\libc.a(lib_a-mlock.o)
 .ARM.attributes
                0x0000087a       0x2d e:/nxp/lpcxpresso_8.2.2_650/lpcxpresso/tools/bin/../lib/gcc/arm-none-eabi/5.4.1/../../../../arm-none-eabi/lib/armv7-m\libc.a(lib_a-reallocr.o)
 .ARM.attributes
                0x000008a7       0x2d e:/nxp/lpcxpresso_8.2.2_650/lpcxpresso/tools/bin/../lib/gcc/arm-none-eabi/5.4.1/../../../../arm-none-eabi/lib/armv7-m\libc.a(lib_a-reent.o)
 .ARM.attributes
                0x000008d4       0x2d e:/nxp/lpcxpresso_8.2.2_650/lpcxpresso/tools/bin/../lib/gcc/arm-none-eabi/5.4.1/../../../../arm-none-eabi/lib/armv7-m\libc.a(lib_a-sbrkr.o)
 .ARM.attributes
                0x00000901       0x2d e:/nxp/lpcxpresso_8.2.2_650/lpcxpresso/tools/bin/../lib/gcc/arm-none-eabi/5.4.1/../../../../arm-none-eabi/lib/armv7-m\libc.a(lib_a-stdio.o)
 .ARM.attributes
                0x0000092e       0x2d e:/nxp/lpcxpresso_8.2.2_650/lpcxpresso/tools/bin/../lib/gcc/arm-none-eabi/5.4.1/../../../../arm-none-eabi/lib/armv7-m\libc.a(lib_a-strlen-stub.o)
 .ARM.attributes
                0x0000095b       0x2d e:/nxp/lpcxpresso_8.2.2_650/lpcxpresso/tools/bin/../lib/gcc/arm-none-eabi/5.4.1/../../../../arm-none-eabi/lib/armv7-m\libc.a(lib_a-vfprintf.o)
 .ARM.attributes
                0x00000988       0x2d e:/nxp/lpcxpresso_8.2.2_650/lpcxpresso/tools/bin/../lib/gcc/arm-none-eabi/5.4.1/../../../../arm-none-eabi/lib/armv7-m\libc.a(lib_a-wbuf.o)
 .ARM.attributes
                0x000009b5       0x2d e:/nxp/lpcxpresso_8.2.2_650/lpcxpresso/tools/bin/../lib/gcc/arm-none-eabi/5.4.1/../../../../arm-none-eabi/lib/armv7-m\libc.a(lib_a-writer.o)
 .ARM.attributes
                0x000009e2       0x2d e:/nxp/lpcxpresso_8.2.2_650/lpcxpresso/tools/bin/../lib/gcc/arm-none-eabi/5.4.1/../../../../arm-none-eabi/lib/armv7-m\libc.a(lib_a-wsetup.o)
 .ARM.attributes
                0x00000a0f       0x2d e:/nxp/lpcxpresso_8.2.2_650/lpcxpresso/tools/bin/../lib/gcc/arm-none-eabi/5.4.1/../../../../arm-none-eabi/lib/armv7-m\libc.a(lib_a-closer.o)
 .ARM.attributes
                0x00000a3c       0x2d e:/nxp/lpcxpresso_8.2.2_650/lpcxpresso/tools/bin/../lib/gcc/arm-none-eabi/5.4.1/../../../../arm-none-eabi/lib/armv7-m\libc.a(lib_a-dtoa.o)
 .ARM.attributes
                0x00000a69       0x2d e:/nxp/lpcxpresso_8.2.2_650/lpcxpresso/tools/bin/../lib/gcc/arm-none-eabi/5.4.1/../../../../arm-none-eabi/lib/armv7-m\libc.a(lib_a-isattyr.o)
 .ARM.attributes
                0x00000a96       0x2d e:/nxp/lpcxpresso_8.2.2_650/lpcxpresso/tools/bin/../lib/gcc/arm-none-eabi/5.4.1/../../../../arm-none-eabi/lib/armv7-m\libc.a(lib_a-locale.o)
 .ARM.attributes
                0x00000ac3       0x2d e:/nxp/lpcxpresso_8.2.2_650/lpcxpresso/tools/bin/../lib/gcc/arm-none-eabi/5.4.1/../../../../arm-none-eabi/lib/armv7-m\libc.a(lib_a-lseekr.o)
 .ARM.attributes
                0x00000af0       0x2d e:/nxp/lpcxpresso_8.2.2_650/lpcxpresso/tools/bin/../lib/gcc/arm-none-eabi/5.4.1/../../../../arm-none-eabi/lib/armv7-m\libc.a(lib_a-mprec.o)
 .ARM.attributes
                0x00000b1d       0x2d e:/nxp/lpcxpresso_8.2.2_650/lpcxpresso/tools/bin/../lib/gcc/arm-none-eabi/5.4.1/../../../../arm-none-eabi/lib/armv7-m\libc.a(lib_a-readr.o)
 .ARM.attributes
                0x00000b4a       0x2d e:/nxp/lpcxpresso_8.2.2_650/lpcxpresso/tools/bin/../lib/gcc/arm-none-eabi/5.4.1/../../../../arm-none-eabi/lib/armv7-m\libc.a(lib_a-vfiprintf.o)
 .ARM.attributes
                0x00000b77       0x2d e:/nxp/lpcxpresso_8.2.2_650/lpcxpresso/tools/bin/../lib/gcc/arm-none-eabi/5.4.1/../../../../arm-none-eabi/lib/armv7-m\libc.a(lib_a-callocr.o)
 .ARM.attributes
                0x00000ba4       0x2d e:/nxp/lpcxpresso_8.2.2_650/lpcxpresso/tools/bin/../lib/gcc/arm-none-eabi/5.4.1/../../../../arm-none-eabi/lib/armv7-m\libc.a(lib_a-fputwc.o)
 .ARM.attributes
                0x00000bd1       0x2d e:/nxp/lpcxpresso_8.2.2_650/lpcxpresso/tools/bin/../lib/gcc/arm-none-eabi/5.4.1/../../../../arm-none-eabi/lib/armv7-m\libc.a(lib_a-wcrtomb.o)
 .ARM.attributes
                0x00000bfe       0x2d e:/nxp/lpcxpresso_8.2.2_650/lpcxpresso/tools/bin/../lib/gcc/arm-none-eabi/5.4.1/../../../../arm-none-eabi/lib/armv7-m\libc.a(lib_a-wctomb_r.o)
 .ARM.attributes
                0x00000c2b       0x2d e:/nxp/lpcxpresso_8.2.2_650/lpcxpresso/tools/bin/../lib/gcc/arm-none-eabi/5.4.1/../../../../arm-none-eabi/lib/armv7-m\libstdc++.a(eh_alloc.o)
 .ARM.attributes
                0x00000c58       0x2d e:/nxp/lpcxpresso_8.2.2_650/lpcxpresso/tools/bin/../lib/gcc/arm-none-eabi/5.4.1/../../../../arm-none-eabi/lib/armv7-m\libm.a(lib_a-s_fabs.o)
 .ARM.attributes
                0x00000c85       0x33 e:/nxp/lpcxpresso_8.2.2_650/lpcxpresso/tools/bin/../lib/gcc/arm-none-eabi/5.4.1/../../../../arm-none-eabi/lib/armv7-m\libcr_newlib_nohost.a(_cr_sbrk.o)
 .ARM.attributes
                0x00000cb8       0x33 e:/nxp/lpcxpresso_8.2.2_650/lpcxpresso/tools/bin/../lib/gcc/arm-none-eabi/5.4.1/../../../../arm-none-eabi/lib/armv7-m\libcr_newlib_nohost.a(_cr_check_heap.o)
 .ARM.attributes
                0x00000ceb       0x1d e:/nxp/lpcxpresso_8.2.2_650/lpcxpresso/tools/bin/../lib/gcc/arm-none-eabi/5.4.1/armv7-m\crti.o
 .ARM.attributes
                0x00000d08       0x1d e:/nxp/lpcxpresso_8.2.2_650/lpcxpresso/tools/bin/../lib/gcc/arm-none-eabi/5.4.1/armv7-m\crtn.o
 .ARM.attributes
                0x00000d25       0x2d e:/nxp/lpcxpresso_8.2.2_650/lpcxpresso/tools/bin/../lib/gcc/arm-none-eabi/5.4.1/armv7-m\crtbegin.o
 .ARM.attributes
                0x00000d52       0x1d e:/nxp/lpcxpresso_8.2.2_650/lpcxpresso/tools/bin/../lib/gcc/arm-none-eabi/5.4.1/armv7-m\libgcc.a(_arm_unorddf2.o)

.debug_frame    0x00000000     0x2688
 .debug_frame   0x00000000      0x218 ./mbed/BusOut.o
 .debug_frame   0x00000218      0x378 ./mbed/stdio.o
 .debug_frame   0x00000590      0x278 ./cmsis/LPC1768/GCC_CR/startup_LPC17xx.o
 .debug_frame   0x00000808       0x60 ./cmsis/LPC1768/cmsis_nvic.o
 .debug_frame   0x00000868       0x64 ./cmsis/LPC1768/system_LPC17xx.o
 .debug_frame   0x000008cc       0xc4 ./capi_device/gpio_api.o
 .debug_frame   0x00000990       0x60 ./capi_device/pinmap.o
 .debug_frame   0x000009f0      0x188 ./capi_device/pwmout_api.o
 .debug_frame   0x00000b78       0x30 ./capi_device/semihost.o
 .debug_frame   0x00000ba8      0x2c4 ./capi_device/serial_api.o
 .debug_frame   0x00000e6c       0xe0 ./capi_device/us_ticker.o
 .debug_frame   0x00000f4c       0x58 ./capi/board.o
 .debug_frame   0x00000fa4       0x30 ./capi/exit.o
 .debug_frame   0x00000fd4      0x108 ./capi/mbed_interface.o
 .debug_frame   0x000010dc       0x7c ./capi/pinmap_common.o
 .debug_frame   0x00001158      0x258 ./capi/semihost_api.o
 .debug_frame   0x000013b0       0xa4 ./capi/us_ticker_api.o
 .debug_frame   0x00001454       0x80 ./capi/wait_api.o
 .debug_frame   0x000014d4      0x170 ./main.o
 .debug_frame   0x00001644       0x2c e:/nxp/lpcxpresso_8.2.2_650/lpcxpresso/tools/bin/../lib/gcc/arm-none-eabi/5.4.1/armv7-m\libgcc.a(_aeabi_uldivmod.o)
 .debug_frame   0x00001670       0x38 e:/nxp/lpcxpresso_8.2.2_650/lpcxpresso/tools/bin/../lib/gcc/arm-none-eabi/5.4.1/armv7-m\libgcc.a(_udivmoddi4.o)
 .debug_frame   0x000016a8       0x20 e:/nxp/lpcxpresso_8.2.2_650/lpcxpresso/tools/bin/../lib/gcc/arm-none-eabi/5.4.1/../../../../arm-none-eabi/lib/armv7-m\libc.a(lib_a-errno.o)
 .debug_frame   0x000016c8       0x44 e:/nxp/lpcxpresso_8.2.2_650/lpcxpresso/tools/bin/../lib/gcc/arm-none-eabi/5.4.1/../../../../arm-none-eabi/lib/armv7-m\libc.a(lib_a-fclose.o)
 .debug_frame   0x0000170c       0x6c e:/nxp/lpcxpresso_8.2.2_650/lpcxpresso/tools/bin/../lib/gcc/arm-none-eabi/5.4.1/../../../../arm-none-eabi/lib/armv7-m\libc.a(lib_a-fflush.o)
 .debug_frame   0x00001778      0x124 e:/nxp/lpcxpresso_8.2.2_650/lpcxpresso/tools/bin/../lib/gcc/arm-none-eabi/5.4.1/../../../../arm-none-eabi/lib/armv7-m\libc.a(lib_a-findfp.o)
 .debug_frame   0x0000189c       0x74 e:/nxp/lpcxpresso_8.2.2_650/lpcxpresso/tools/bin/../lib/gcc/arm-none-eabi/5.4.1/../../../../arm-none-eabi/lib/armv7-m\libc.a(lib_a-fprintf.o)
 .debug_frame   0x00001910       0x74 e:/nxp/lpcxpresso_8.2.2_650/lpcxpresso/tools/bin/../lib/gcc/arm-none-eabi/5.4.1/../../../../arm-none-eabi/lib/armv7-m\libc.a(lib_a-freer.o)
 .debug_frame   0x00001984       0x2c e:/nxp/lpcxpresso_8.2.2_650/lpcxpresso/tools/bin/../lib/gcc/arm-none-eabi/5.4.1/../../../../arm-none-eabi/lib/armv7-m\libc.a(lib_a-fstatr.o)
 .debug_frame   0x000019b0       0x68 e:/nxp/lpcxpresso_8.2.2_650/lpcxpresso/tools/bin/../lib/gcc/arm-none-eabi/5.4.1/../../../../arm-none-eabi/lib/armv7-m\libc.a(lib_a-fvwrite.o)
 .debug_frame   0x00001a18       0x54 e:/nxp/lpcxpresso_8.2.2_650/lpcxpresso/tools/bin/../lib/gcc/arm-none-eabi/5.4.1/../../../../arm-none-eabi/lib/armv7-m\libc.a(lib_a-fwalk.o)
 .debug_frame   0x00001a6c       0x2c e:/nxp/lpcxpresso_8.2.2_650/lpcxpresso/tools/bin/../lib/gcc/arm-none-eabi/5.4.1/../../../../arm-none-eabi/lib/armv7-m\libc.a(lib_a-init.o)
 .debug_frame   0x00001a98       0x68 e:/nxp/lpcxpresso_8.2.2_650/lpcxpresso/tools/bin/../lib/gcc/arm-none-eabi/5.4.1/../../../../arm-none-eabi/lib/armv7-m\libc.a(lib_a-makebuf.o)
 .debug_frame   0x00001b00       0x30 e:/nxp/lpcxpresso_8.2.2_650/lpcxpresso/tools/bin/../lib/gcc/arm-none-eabi/5.4.1/../../../../arm-none-eabi/lib/armv7-m\libc.a(lib_a-malloc.o)
 .debug_frame   0x00001b30       0x54 e:/nxp/lpcxpresso_8.2.2_650/lpcxpresso/tools/bin/../lib/gcc/arm-none-eabi/5.4.1/../../../../arm-none-eabi/lib/armv7-m\libc.a(lib_a-mallocr.o)
 .debug_frame   0x00001b84       0x34 e:/nxp/lpcxpresso_8.2.2_650/lpcxpresso/tools/bin/../lib/gcc/arm-none-eabi/5.4.1/../../../../arm-none-eabi/lib/armv7-m\libc.a(lib_a-memchr-stub.o)
 .debug_frame   0x00001bb8       0x30 e:/nxp/lpcxpresso_8.2.2_650/lpcxpresso/tools/bin/../lib/gcc/arm-none-eabi/5.4.1/../../../../arm-none-eabi/lib/armv7-m\libc.a(lib_a-memmove.o)
 .debug_frame   0x00001be8       0x34 e:/nxp/lpcxpresso_8.2.2_650/lpcxpresso/tools/bin/../lib/gcc/arm-none-eabi/5.4.1/../../../../arm-none-eabi/lib/armv7-m\libc.a(lib_a-memset.o)
 .debug_frame   0x00001c1c       0x30 e:/nxp/lpcxpresso_8.2.2_650/lpcxpresso/tools/bin/../lib/gcc/arm-none-eabi/5.4.1/../../../../arm-none-eabi/lib/armv7-m\libc.a(lib_a-mlock.o)
 .debug_frame   0x00001c4c       0x58 e:/nxp/lpcxpresso_8.2.2_650/lpcxpresso/tools/bin/../lib/gcc/arm-none-eabi/5.4.1/../../../../arm-none-eabi/lib/armv7-m\libc.a(lib_a-reallocr.o)
 .debug_frame   0x00001ca4       0x58 e:/nxp/lpcxpresso_8.2.2_650/lpcxpresso/tools/bin/../lib/gcc/arm-none-eabi/5.4.1/../../../../arm-none-eabi/lib/armv7-m\libc.a(lib_a-reent.o)
 .debug_frame   0x00001cfc       0x2c e:/nxp/lpcxpresso_8.2.2_650/lpcxpresso/tools/bin/../lib/gcc/arm-none-eabi/5.4.1/../../../../arm-none-eabi/lib/armv7-m\libc.a(lib_a-sbrkr.o)
 .debug_frame   0x00001d28       0x88 e:/nxp/lpcxpresso_8.2.2_650/lpcxpresso/tools/bin/../lib/gcc/arm-none-eabi/5.4.1/../../../../arm-none-eabi/lib/armv7-m\libc.a(lib_a-stdio.o)
 .debug_frame   0x00001db0       0x20 e:/nxp/lpcxpresso_8.2.2_650/lpcxpresso/tools/bin/../lib/gcc/arm-none-eabi/5.4.1/../../../../arm-none-eabi/lib/armv7-m\libc.a(lib_a-strlen-stub.o)
 .debug_frame   0x00001dd0       0x88 e:/nxp/lpcxpresso_8.2.2_650/lpcxpresso/tools/bin/../lib/gcc/arm-none-eabi/5.4.1/../../../../arm-none-eabi/lib/armv7-m\libc.a(lib_a-vfprintf.o)
 .debug_frame   0x00001e58       0x40 e:/nxp/lpcxpresso_8.2.2_650/lpcxpresso/tools/bin/../lib/gcc/arm-none-eabi/5.4.1/../../../../arm-none-eabi/lib/armv7-m\libc.a(lib_a-wbuf.o)
 .debug_frame   0x00001e98       0x2c e:/nxp/lpcxpresso_8.2.2_650/lpcxpresso/tools/bin/../lib/gcc/arm-none-eabi/5.4.1/../../../../arm-none-eabi/lib/armv7-m\libc.a(lib_a-writer.o)
 .debug_frame   0x00001ec4       0x2c e:/nxp/lpcxpresso_8.2.2_650/lpcxpresso/tools/bin/../lib/gcc/arm-none-eabi/5.4.1/../../../../arm-none-eabi/lib/armv7-m\libc.a(lib_a-wsetup.o)
 .debug_frame   0x00001ef0       0x2c e:/nxp/lpcxpresso_8.2.2_650/lpcxpresso/tools/bin/../lib/gcc/arm-none-eabi/5.4.1/../../../../arm-none-eabi/lib/armv7-m\libc.a(lib_a-closer.o)
 .debug_frame   0x00001f1c       0x84 e:/nxp/lpcxpresso_8.2.2_650/lpcxpresso/tools/bin/../lib/gcc/arm-none-eabi/5.4.1/../../../../arm-none-eabi/lib/armv7-m\libc.a(lib_a-dtoa.o)
 .debug_frame   0x00001fa0       0x2c e:/nxp/lpcxpresso_8.2.2_650/lpcxpresso/tools/bin/../lib/gcc/arm-none-eabi/5.4.1/../../../../arm-none-eabi/lib/armv7-m\libc.a(lib_a-isattyr.o)
 .debug_frame   0x00001fcc       0x9c e:/nxp/lpcxpresso_8.2.2_650/lpcxpresso/tools/bin/../lib/gcc/arm-none-eabi/5.4.1/../../../../arm-none-eabi/lib/armv7-m\libc.a(lib_a-locale.o)
 .debug_frame   0x00002068       0x2c e:/nxp/lpcxpresso_8.2.2_650/lpcxpresso/tools/bin/../lib/gcc/arm-none-eabi/5.4.1/../../../../arm-none-eabi/lib/armv7-m\libc.a(lib_a-lseekr.o)
 .debug_frame   0x00002094      0x264 e:/nxp/lpcxpresso_8.2.2_650/lpcxpresso/tools/bin/../lib/gcc/arm-none-eabi/5.4.1/../../../../arm-none-eabi/lib/armv7-m\libc.a(lib_a-mprec.o)
 .debug_frame   0x000022f8       0x2c e:/nxp/lpcxpresso_8.2.2_650/lpcxpresso/tools/bin/../lib/gcc/arm-none-eabi/5.4.1/../../../../arm-none-eabi/lib/armv7-m\libc.a(lib_a-readr.o)
 .debug_frame   0x00002324       0xc8 e:/nxp/lpcxpresso_8.2.2_650/lpcxpresso/tools/bin/../lib/gcc/arm-none-eabi/5.4.1/../../../../arm-none-eabi/lib/armv7-m\libc.a(lib_a-vfiprintf.o)
 .debug_frame   0x000023ec       0x28 e:/nxp/lpcxpresso_8.2.2_650/lpcxpresso/tools/bin/../lib/gcc/arm-none-eabi/5.4.1/../../../../arm-none-eabi/lib/armv7-m\libc.a(lib_a-callocr.o)
 .debug_frame   0x00002414       0x88 e:/nxp/lpcxpresso_8.2.2_650/lpcxpresso/tools/bin/../lib/gcc/arm-none-eabi/5.4.1/../../../../arm-none-eabi/lib/armv7-m\libc.a(lib_a-fputwc.o)
 .debug_frame   0x0000249c       0x60 e:/nxp/lpcxpresso_8.2.2_650/lpcxpresso/tools/bin/../lib/gcc/arm-none-eabi/5.4.1/../../../../arm-none-eabi/lib/armv7-m\libc.a(lib_a-wcrtomb.o)
 .debug_frame   0x000024fc       0x48 e:/nxp/lpcxpresso_8.2.2_650/lpcxpresso/tools/bin/../lib/gcc/arm-none-eabi/5.4.1/../../../../arm-none-eabi/lib/armv7-m\libc.a(lib_a-wctomb_r.o)
 .debug_frame   0x00002544       0xd8 e:/nxp/lpcxpresso_8.2.2_650/lpcxpresso/tools/bin/../lib/gcc/arm-none-eabi/5.4.1/../../../../arm-none-eabi/lib/armv7-m\libstdc++.a(eh_alloc.o)
 .debug_frame   0x0000261c       0x20 e:/nxp/lpcxpresso_8.2.2_650/lpcxpresso/tools/bin/../lib/gcc/arm-none-eabi/5.4.1/../../../../arm-none-eabi/lib/armv7-m\libm.a(lib_a-s_fabs.o)
 .debug_frame   0x0000263c       0x2c e:/nxp/lpcxpresso_8.2.2_650/lpcxpresso/tools/bin/../lib/gcc/arm-none-eabi/5.4.1/../../../../arm-none-eabi/lib/armv7-m\libcr_newlib_nohost.a(_cr_sbrk.o)
 .debug_frame   0x00002668       0x20 e:/nxp/lpcxpresso_8.2.2_650/lpcxpresso/tools/bin/../lib/gcc/arm-none-eabi/5.4.1/../../../../arm-none-eabi/lib/armv7-m\libcr_newlib_nohost.a(_cr_check_heap.o)

.debug_loc      0x00000000       0x81
 .debug_loc     0x00000000       0x47 e:/nxp/lpcxpresso_8.2.2_650/lpcxpresso/tools/bin/../lib/gcc/arm-none-eabi/5.4.1/../../../../arm-none-eabi/lib/armv7-m\libcr_newlib_nohost.a(_cr_sbrk.o)
 .debug_loc     0x00000047       0x3a e:/nxp/lpcxpresso_8.2.2_650/lpcxpresso/tools/bin/../lib/gcc/arm-none-eabi/5.4.1/../../../../arm-none-eabi/lib/armv7-m\libcr_newlib_nohost.a(_cr_check_heap.o)
